Apache Maven 3.9.11 (3e54c93a704957b63ee3494413a2b544fd3d825b)
Maven home: /opt/homebrew/Cellar/maven/3.9.11/libexec
Java version: 21.0.9, vendor: Homebrew, runtime: /opt/homebrew/Cellar/openjdk@21/21.0.9/libexec/openjdk.jdk/Contents/Home
Default locale: fr_FR, platform encoding: UTF-8
OS name: "mac os x", version: "26.1", arch: "aarch64", family: "mac"
[DEBUG] Created new class realm maven.api
[DEBUG] Importing foreign packages into class realm maven.api
[DEBUG]   Imported: javax.annotation.* < plexus.core
[DEBUG]   Imported: javax.annotation.security.* < plexus.core
[DEBUG]   Imported: javax.inject.* < plexus.core
[DEBUG]   Imported: org.apache.maven.* < plexus.core
[DEBUG]   Imported: org.apache.maven.artifact < plexus.core
[DEBUG]   Imported: org.apache.maven.classrealm < plexus.core
[DEBUG]   Imported: org.apache.maven.cli < plexus.core
[DEBUG]   Imported: org.apache.maven.configuration < plexus.core
[DEBUG]   Imported: org.apache.maven.exception < plexus.core
[DEBUG]   Imported: org.apache.maven.execution < plexus.core
[DEBUG]   Imported: org.apache.maven.execution.scope < plexus.core
[DEBUG]   Imported: org.apache.maven.graph < plexus.core
[DEBUG]   Imported: org.apache.maven.lifecycle < plexus.core
[DEBUG]   Imported: org.apache.maven.model < plexus.core
[DEBUG]   Imported: org.apache.maven.monitor < plexus.core
[DEBUG]   Imported: org.apache.maven.plugin < plexus.core
[DEBUG]   Imported: org.apache.maven.profiles < plexus.core
[DEBUG]   Imported: org.apache.maven.project < plexus.core
[DEBUG]   Imported: org.apache.maven.reporting < plexus.core
[DEBUG]   Imported: org.apache.maven.repository < plexus.core
[DEBUG]   Imported: org.apache.maven.rtinfo < plexus.core
[DEBUG]   Imported: org.apache.maven.settings < plexus.core
[DEBUG]   Imported: org.apache.maven.toolchain < plexus.core
[DEBUG]   Imported: org.apache.maven.usability < plexus.core
[DEBUG]   Imported: org.apache.maven.wagon.* < plexus.core
[DEBUG]   Imported: org.apache.maven.wagon.authentication < plexus.core
[DEBUG]   Imported: org.apache.maven.wagon.authorization < plexus.core
[DEBUG]   Imported: org.apache.maven.wagon.events < plexus.core
[DEBUG]   Imported: org.apache.maven.wagon.observers < plexus.core
[DEBUG]   Imported: org.apache.maven.wagon.proxy < plexus.core
[DEBUG]   Imported: org.apache.maven.wagon.repository < plexus.core
[DEBUG]   Imported: org.apache.maven.wagon.resource < plexus.core
[DEBUG]   Imported: org.codehaus.classworlds < plexus.core
[DEBUG]   Imported: org.codehaus.plexus.* < plexus.core
[DEBUG]   Imported: org.codehaus.plexus.classworlds < plexus.core
[DEBUG]   Imported: org.codehaus.plexus.component < plexus.core
[DEBUG]   Imported: org.codehaus.plexus.configuration < plexus.core
[DEBUG]   Imported: org.codehaus.plexus.container < plexus.core
[DEBUG]   Imported: org.codehaus.plexus.context < plexus.core
[DEBUG]   Imported: org.codehaus.plexus.lifecycle < plexus.core
[DEBUG]   Imported: org.codehaus.plexus.logging < plexus.core
[DEBUG]   Imported: org.codehaus.plexus.personality < plexus.core
[DEBUG]   Imported: org.codehaus.plexus.util.xml.Xpp3Dom < plexus.core
[DEBUG]   Imported: org.codehaus.plexus.util.xml.pull.XmlPullParser < plexus.core
[DEBUG]   Imported: org.codehaus.plexus.util.xml.pull.XmlPullParserException < plexus.core
[DEBUG]   Imported: org.codehaus.plexus.util.xml.pull.XmlSerializer < plexus.core
[DEBUG]   Imported: org.eclipse.aether.* < plexus.core
[DEBUG]   Imported: org.eclipse.aether.artifact < plexus.core
[DEBUG]   Imported: org.eclipse.aether.collection < plexus.core
[DEBUG]   Imported: org.eclipse.aether.deployment < plexus.core
[DEBUG]   Imported: org.eclipse.aether.graph < plexus.core
[DEBUG]   Imported: org.eclipse.aether.impl < plexus.core
[DEBUG]   Imported: org.eclipse.aether.installation < plexus.core
[DEBUG]   Imported: org.eclipse.aether.internal.impl < plexus.core
[DEBUG]   Imported: org.eclipse.aether.metadata < plexus.core
[DEBUG]   Imported: org.eclipse.aether.repository < plexus.core
[DEBUG]   Imported: org.eclipse.aether.resolution < plexus.core
[DEBUG]   Imported: org.eclipse.aether.spi < plexus.core
[DEBUG]   Imported: org.eclipse.aether.transfer < plexus.core
[DEBUG]   Imported: org.eclipse.aether.util < plexus.core
[DEBUG]   Imported: org.eclipse.aether.version < plexus.core
[DEBUG]   Imported: org.fusesource.jansi.* < plexus.core
[DEBUG]   Imported: org.slf4j.* < plexus.core
[DEBUG]   Imported: org.slf4j.event.* < plexus.core
[DEBUG]   Imported: org.slf4j.helpers.* < plexus.core
[DEBUG]   Imported: org.slf4j.spi.* < plexus.core
[DEBUG] Populating class realm maven.api
[DEBUG] Created adapter factory; available factories [file-lock, rwlock-local, semaphore-local, noop]; available name mappers [discriminating, file-gav, file-hgav, file-static, gav, static]
[INFO] Error stacktraces are turned on.
[DEBUG] Message scheme: color
[DEBUG] Message styles: debug info warning error success failure strong mojo project
[DEBUG] Reading global settings from /opt/homebrew/Cellar/maven/3.9.11/libexec/conf/settings.xml
[DEBUG] Reading user settings from /Users/nahima/.m2/settings.xml
[DEBUG] Reading global toolchains from /opt/homebrew/Cellar/maven/3.9.11/libexec/conf/toolchains.xml
[DEBUG] Reading user toolchains from /Users/nahima/.m2/toolchains.xml
[DEBUG] Using local repository at /Users/nahima/.m2/repository
[DEBUG] Using manager EnhancedLocalRepositoryManager with priority 10.0 for /Users/nahima/.m2/repository
[INFO] Scanning for projects...
[DEBUG] Creating adapter using nameMapper 'gav' and factory 'rwlock-local'
[DEBUG] Extension realms for project com.elec_business:elec_business:jar:0.0.1-SNAPSHOT: (none)
[DEBUG] Looking up lifecycle mappings for packaging jar from ClassRealm[plexus.core, parent: null]
[DEBUG] Extension realms for project org.springframework.boot:spring-boot-starter-parent:pom:3.4.4: (none)
[DEBUG] Looking up lifecycle mappings for packaging pom from ClassRealm[plexus.core, parent: null]
[DEBUG] Extension realms for project org.springframework.boot:spring-boot-dependencies:pom:3.4.4: (none)
[DEBUG] Looking up lifecycle mappings for packaging pom from ClassRealm[plexus.core, parent: null]
[DEBUG] === REACTOR BUILD PLAN ================================================
[DEBUG] Project: com.elec_business:elec_business:jar:0.0.1-SNAPSHOT
[DEBUG] Tasks:   [compile]
[DEBUG] Style:   Regular
[DEBUG] =======================================================================
[INFO] 
[INFO] ------------------< com.elec_business:elec_business >-------------------
[INFO] Building elec_business 0.0.1-SNAPSHOT
[INFO]   from pom.xml
[INFO] --------------------------------[ jar ]---------------------------------
[DEBUG] Lifecycle clean -> [pre-clean, clean, post-clean]
[DEBUG] Lifecycle default -> [validate, initialize, generate-sources, process-sources, generate-resources, process-resources, compile, process-classes, generate-test-sources, process-test-sources, generate-test-resources, process-test-resources, test-compile, process-test-classes, test, prepare-package, package, pre-integration-test, integration-test, post-integration-test, verify, install, deploy]
[DEBUG] Lifecycle site -> [pre-site, site, post-site, site-deploy]
[DEBUG] Lifecycle clean -> [pre-clean, clean, post-clean]
[DEBUG] Lifecycle default -> [validate, initialize, generate-sources, process-sources, generate-resources, process-resources, compile, process-classes, generate-test-sources, process-test-sources, generate-test-resources, process-test-resources, test-compile, process-test-classes, test, prepare-package, package, pre-integration-test, integration-test, post-integration-test, verify, install, deploy]
[DEBUG] Lifecycle site -> [pre-site, site, post-site, site-deploy]
[DEBUG] Lifecycle clean -> [pre-clean, clean, post-clean]
[DEBUG] Lifecycle default -> [validate, initialize, generate-sources, process-sources, generate-resources, process-resources, compile, process-classes, generate-test-sources, process-test-sources, generate-test-resources, process-test-resources, test-compile, process-test-classes, test, prepare-package, package, pre-integration-test, integration-test, post-integration-test, verify, install, deploy]
[DEBUG] Lifecycle site -> [pre-site, site, post-site, site-deploy]
[DEBUG] Lifecycle clean -> [pre-clean, clean, post-clean]
[DEBUG] Lifecycle default -> [validate, initialize, generate-sources, process-sources, generate-resources, process-resources, compile, process-classes, generate-test-sources, process-test-sources, generate-test-resources, process-test-resources, test-compile, process-test-classes, test, prepare-package, package, pre-integration-test, integration-test, post-integration-test, verify, install, deploy]
[DEBUG] Lifecycle site -> [pre-site, site, post-site, site-deploy]
[DEBUG] === PROJECT BUILD PLAN ================================================
[DEBUG] Project:       com.elec_business:elec_business:0.0.1-SNAPSHOT
[DEBUG] Dependencies (collect): []
[DEBUG] Dependencies (resolve): [compile, runtime]
[DEBUG] Repositories (dependencies): [central (https://repo.maven.apache.org/maven2, default, releases)]
[DEBUG] Repositories (plugins)     : [central (https://repo.maven.apache.org/maven2, default, releases)]
[DEBUG] -----------------------------------------------------------------------
[DEBUG] Goal:          org.jacoco:jacoco-maven-plugin:0.8.11:prepare-agent (prepare-agent)
[DEBUG] Style:         Regular
[DEBUG] Configuration: <?xml version="1.0" encoding="UTF-8"?>
<configuration>
  <address>${jacoco.address}</address>
  <append>${jacoco.append}</append>
  <classDumpDir>${jacoco.classDumpDir}</classDumpDir>
  <destFile default-value="${project.build.directory}/jacoco.exec">${jacoco.destFile}</destFile>
  <dumpOnExit>${jacoco.dumpOnExit}</dumpOnExit>
  <exclClassLoaders>${jacoco.exclClassLoaders}</exclClassLoaders>
  <inclBootstrapClasses>${jacoco.inclBootstrapClasses}</inclBootstrapClasses>
  <inclNoLocationClasses>${jacoco.inclNoLocationClasses}</inclNoLocationClasses>
  <jmx>${jacoco.jmx}</jmx>
  <output>${jacoco.output}</output>
  <pluginArtifactMap>${plugin.artifactMap}</pluginArtifactMap>
  <port>${jacoco.port}</port>
  <project>${project}</project>
  <propertyName>${jacoco.propertyName}</propertyName>
  <sessionId>${jacoco.sessionId}</sessionId>
  <skip default-value="false">${jacoco.skip}</skip>
</configuration>
[DEBUG] -----------------------------------------------------------------------
[DEBUG] Goal:          org.apache.maven.plugins:maven-resources-plugin:3.3.1:resources (default-resources)
[DEBUG] Style:         Regular
[DEBUG] Configuration: <?xml version="1.0" encoding="UTF-8"?>
<configuration>
  <addDefaultExcludes default-value="true"/>
  <buildFilters default-value="${project.build.filters}"/>
  <delimiters>
    <delimiter>@</delimiter>
  </delimiters>
  <encoding default-value="${project.build.sourceEncoding}"/>
  <escapeWindowsPaths default-value="true"/>
  <fileNameFiltering default-value="false"/>
  <includeEmptyDirs default-value="false"/>
  <outputDirectory default-value="${project.build.outputDirectory}"/>
  <overwrite default-value="false"/>
  <project default-value="${project}"/>
  <propertiesEncoding>UTF-8</propertiesEncoding>
  <resources default-value="${project.resources}"/>
  <session default-value="${session}"/>
  <skip default-value="false">${maven.resources.skip}</skip>
  <supportMultiLineFiltering default-value="false"/>
  <useBuildFilters default-value="true"/>
  <useDefaultDelimiters default-value="true">false</useDefaultDelimiters>
</configuration>
[DEBUG] -----------------------------------------------------------------------
[DEBUG] Goal:          org.apache.maven.plugins:maven-compiler-plugin:3.10.1:compile (default-compile)
[DEBUG] Style:         Regular
[DEBUG] Configuration: <?xml version="1.0" encoding="UTF-8"?>
<configuration>
  <annotationProcessorPaths>
    <path>
      <groupId>org.projectlombok</groupId>
      <artifactId>lombok</artifactId>
      <version>1.18.36</version>
    </path>
    <path>
      <groupId>org.projectlombok</groupId>
      <artifactId>lombok-mapstruct-binding</artifactId>
      <version>0.2.0</version>
    </path>
    <path>
      <groupId>org.mapstruct</groupId>
      <artifactId>mapstruct-processor</artifactId>
      <version>1.6.3</version>
    </path>
  </annotationProcessorPaths>
  <basedir default-value="${basedir}"/>
  <buildDirectory default-value="${project.build.directory}"/>
  <compilePath default-value="${project.compileClasspathElements}"/>
  <compileSourceRoots default-value="${project.compileSourceRoots}"/>
  <compilerArgs>
    <arg>--enable-preview</arg>
    <arg>-parameters</arg>
  </compilerArgs>
  <compilerId default-value="javac">${maven.compiler.compilerId}</compilerId>
  <compilerReuseStrategy default-value="${reuseCreated}">${maven.compiler.compilerReuseStrategy}</compilerReuseStrategy>
  <compilerVersion>${maven.compiler.compilerVersion}</compilerVersion>
  <createMissingPackageInfoClass default-value="true">${maven.compiler.createMissingPackageInfoClass}</createMissingPackageInfoClass>
  <debug default-value="true">${maven.compiler.debug}</debug>
  <debugFileName default-value="javac"/>
  <debuglevel>${maven.compiler.debuglevel}</debuglevel>
  <enablePreview default-value="false">${maven.compiler.enablePreview}</enablePreview>
  <encoding default-value="${project.build.sourceEncoding}">${encoding}</encoding>
  <executable>${maven.compiler.executable}</executable>
  <failOnError default-value="true">${maven.compiler.failOnError}</failOnError>
  <failOnWarning default-value="false">${maven.compiler.failOnWarning}</failOnWarning>
  <forceJavacCompilerUse default-value="false">${maven.compiler.forceJavacCompilerUse}</forceJavacCompilerUse>
  <fork default-value="false">${maven.compiler.fork}</fork>
  <generatedSourcesDirectory default-value="${project.build.directory}/generated-sources/annotations"/>
  <maxmem>${maven.compiler.maxmem}</maxmem>
  <meminitial>${maven.compiler.meminitial}</meminitial>
  <mojoExecution default-value="${mojoExecution}"/>
  <optimize default-value="false">${maven.compiler.optimize}</optimize>
  <outputDirectory default-value="${project.build.outputDirectory}"/>
  <parameters default-value="false">true</parameters>
  <project default-value="${project}"/>
  <projectArtifact default-value="${project.artifact}"/>
  <release>${maven.compiler.release}</release>
  <session default-value="${session}"/>
  <showDeprecation default-value="false">${maven.compiler.showDeprecation}</showDeprecation>
  <showWarnings default-value="false">${maven.compiler.showWarnings}</showWarnings>
  <skipMain>${maven.main.skip}</skipMain>
  <skipMultiThreadWarning default-value="false">${maven.compiler.skipMultiThreadWarning}</skipMultiThreadWarning>
  <source default-value="1.7">21</source>
  <staleMillis default-value="0">${lastModGranularityMs}</staleMillis>
  <target default-value="1.7">21</target>
  <useIncrementalCompilation default-value="true">${maven.compiler.useIncrementalCompilation}</useIncrementalCompilation>
  <verbose default-value="false">${maven.compiler.verbose}</verbose>
</configuration>
[DEBUG] =======================================================================
[DEBUG] Using mirror maven-default-http-blocker (http://0.0.0.0/) for vaadin-snapshots (http://oss.sonatype.org/content/repositories/vaadin-snapshots/).
[DEBUG] Using mirror maven-default-http-blocker (http://0.0.0.0/) for vaadin-releases (http://oss.sonatype.org/content/repositories/vaadin-releases/).
[DEBUG] Using mirror maven-default-http-blocker (http://0.0.0.0/) for apache.snapshots (http://repository.apache.org/snapshots).
[DEBUG] Dependency collection stats {ConflictMarker.analyzeTime=536125, ConflictMarker.markTime=202666, ConflictMarker.nodeCount=383, ConflictIdSorter.graphTime=308750, ConflictIdSorter.topsortTime=111083, ConflictIdSorter.conflictIdCount=159, ConflictIdSorter.conflictIdCycleCount=0, ConflictResolver.totalTime=7178291, ConflictResolver.conflictItemCount=325, DfDependencyCollector.collectTime=159411792, DfDependencyCollector.transformTime=8883958}
[DEBUG] com.elec_business:elec_business:jar:0.0.1-SNAPSHOT
[DEBUG]    org.springframework.boot:spring-boot-starter-data-jpa:jar:3.4.4:compile
[DEBUG]       org.springframework.boot:spring-boot-starter:jar:3.4.4:compile (version managed from 3.4.4)
[DEBUG]          org.springframework.boot:spring-boot-starter-logging:jar:3.4.4:compile (version managed from 3.4.4)
[DEBUG]             ch.qos.logback:logback-classic:jar:1.5.18:compile (version managed from 1.5.18)
[DEBUG]                ch.qos.logback:logback-core:jar:1.5.18:compile (version managed from 1.5.18)
[DEBUG]             org.apache.logging.log4j:log4j-to-slf4j:jar:2.24.3:compile (version managed from 2.24.3)
[DEBUG]             org.slf4j:jul-to-slf4j:jar:2.0.17:compile (version managed from 2.0.17)
[DEBUG]          jakarta.annotation:jakarta.annotation-api:jar:2.1.1:compile (version managed from 2.1.1)
[DEBUG]          org.yaml:snakeyaml:jar:2.3:compile (version managed from 2.3)
[DEBUG]       org.springframework.boot:spring-boot-starter-jdbc:jar:3.4.4:compile (version managed from 3.4.4)
[DEBUG]          com.zaxxer:HikariCP:jar:5.1.0:compile (version managed from 5.1.0)
[DEBUG]          org.springframework:spring-jdbc:jar:6.2.5:compile (version managed from 6.2.5)
[DEBUG]       org.hibernate.orm:hibernate-core:jar:6.6.11.Final:compile (version managed from 6.6.11.Final)
[DEBUG]          jakarta.persistence:jakarta.persistence-api:jar:3.1.0:compile (version managed from 3.1.0)
[DEBUG]          jakarta.transaction:jakarta.transaction-api:jar:2.0.1:compile (version managed from 2.0.1)
[DEBUG]          org.jboss.logging:jboss-logging:jar:3.6.1.Final:compile (version managed from 3.5.0.Final)
[DEBUG]          org.hibernate.common:hibernate-commons-annotations:jar:7.0.3.Final:runtime
[DEBUG]          io.smallrye:jandex:jar:3.2.0:runtime
[DEBUG]          com.fasterxml:classmate:jar:1.7.0:compile (version managed from 1.5.1)
[DEBUG]          net.bytebuddy:byte-buddy:jar:1.15.11:runtime (version managed from 1.15.11)
[DEBUG]          org.glassfish.jaxb:jaxb-runtime:jar:4.0.5:runtime (version managed from 4.0.2)
[DEBUG]             org.glassfish.jaxb:jaxb-core:jar:4.0.5:runtime (version managed from 4.0.5)
[DEBUG]                org.eclipse.angus:angus-activation:jar:2.0.2:runtime (version managed from 2.0.2)
[DEBUG]                org.glassfish.jaxb:txw2:jar:4.0.5:runtime (version managed from 4.0.5)
[DEBUG]                com.sun.istack:istack-commons-runtime:jar:4.1.2:runtime (version managed from 4.1.2)
[DEBUG]          jakarta.inject:jakarta.inject-api:jar:2.0.1:runtime (version managed from 2.0.1)
[DEBUG]          org.antlr:antlr4-runtime:jar:4.13.0:compile
[DEBUG]       org.springframework.data:spring-data-jpa:jar:3.4.4:compile (version managed from 3.4.4)
[DEBUG]          org.springframework.data:spring-data-commons:jar:3.4.4:compile (version managed from 3.4.4)
[DEBUG]          org.springframework:spring-orm:jar:6.2.5:compile (version managed from 6.2.4)
[DEBUG]          org.springframework:spring-context:jar:6.2.5:compile (version managed from 6.2.4)
[DEBUG]          org.springframework:spring-tx:jar:6.2.5:compile (version managed from 6.2.4)
[DEBUG]          org.springframework:spring-beans:jar:6.2.5:compile (version managed from 6.2.4)
[DEBUG]       org.springframework:spring-aspects:jar:6.2.5:compile (version managed from 6.2.5)
[DEBUG]          org.aspectj:aspectjweaver:jar:1.9.23:compile (version managed from 1.9.22.1)
[DEBUG]    org.springframework.boot:spring-boot-starter-validation:jar:3.4.4:compile
[DEBUG]       org.apache.tomcat.embed:tomcat-embed-el:jar:10.1.39:compile (version managed from 10.1.39)
[DEBUG]       org.hibernate.validator:hibernate-validator:jar:8.0.2.Final:compile (version managed from 8.0.2.Final)
[DEBUG]          jakarta.validation:jakarta.validation-api:jar:3.0.2:compile (version managed from 3.0.2)
[DEBUG]    org.springframework.boot:spring-boot-starter-web:jar:3.4.4:compile
[DEBUG]       org.springframework.boot:spring-boot-starter-json:jar:3.4.4:compile (version managed from 3.4.4)
[DEBUG]          com.fasterxml.jackson.datatype:jackson-datatype-jdk8:jar:2.18.3:compile (version managed from 2.18.3)
[DEBUG]          com.fasterxml.jackson.datatype:jackson-datatype-jsr310:jar:2.18.3:compile (version managed from 2.18.3)
[DEBUG]          com.fasterxml.jackson.module:jackson-module-parameter-names:jar:2.18.3:compile (version managed from 2.18.3)
[DEBUG]       org.springframework.boot:spring-boot-starter-tomcat:jar:3.4.4:compile (version managed from 3.4.4)
[DEBUG]          org.apache.tomcat.embed:tomcat-embed-core:jar:10.1.39:compile (version managed from 10.1.39)
[DEBUG]          org.apache.tomcat.embed:tomcat-embed-websocket:jar:10.1.39:compile (version managed from 10.1.39)
[DEBUG]       org.springframework:spring-web:jar:6.2.5:compile (version managed from 6.2.5)
[DEBUG]          io.micrometer:micrometer-observation:jar:1.14.5:compile (version managed from 1.14.5)
[DEBUG]             io.micrometer:micrometer-commons:jar:1.14.5:compile (version managed from 1.14.5)
[DEBUG]       org.springframework:spring-webmvc:jar:6.2.5:compile (version managed from 6.2.5)
[DEBUG]          org.springframework:spring-expression:jar:6.2.5:compile (version managed from 6.2.5)
[DEBUG]    org.springframework.boot:spring-boot-starter-security:jar:3.4.4:compile
[DEBUG]       org.springframework:spring-aop:jar:6.2.5:compile (version managed from 6.2.5)
[DEBUG]       org.springframework.security:spring-security-config:jar:6.4.4:compile (version managed from 6.4.4)
[DEBUG]       org.springframework.security:spring-security-web:jar:6.4.4:compile (version managed from 6.4.4)
[DEBUG]    org.springframework.boot:spring-boot-devtools:jar:3.4.4:runtime (optional)
[DEBUG]       org.springframework.boot:spring-boot:jar:3.4.4:compile (version managed from 3.4.4)
[DEBUG]       org.springframework.boot:spring-boot-autoconfigure:jar:3.4.4:compile (version managed from 3.4.4)
[DEBUG]    org.postgresql:postgresql:jar:42.7.3:compile
[DEBUG]       org.checkerframework:checker-qual:jar:3.42.0:runtime
[DEBUG]    org.springframework.boot:spring-boot-starter-test:jar:3.4.4:test
[DEBUG]       org.springframework.boot:spring-boot-test:jar:3.4.4:test (version managed from 3.4.4)
[DEBUG]       org.springframework.boot:spring-boot-test-autoconfigure:jar:3.4.4:test (version managed from 3.4.4)
[DEBUG]       com.jayway.jsonpath:json-path:jar:2.9.0:test (version managed from 2.9.0)
[DEBUG]       jakarta.xml.bind:jakarta.xml.bind-api:jar:4.0.2:compile (version managed from 4.0.2)
[DEBUG]          jakarta.activation:jakarta.activation-api:jar:2.1.3:compile (version managed from 2.1.3)
[DEBUG]       net.minidev:json-smart:jar:2.5.2:test (version managed from 2.5.2)
[DEBUG]          net.minidev:accessors-smart:jar:2.5.2:test
[DEBUG]             org.ow2.asm:asm:jar:9.7.1:test
[DEBUG]       org.assertj:assertj-core:jar:3.26.3:test (version managed from 3.26.3)
[DEBUG]       org.awaitility:awaitility:jar:4.2.2:test (version managed from 4.2.2)
[DEBUG]       org.hamcrest:hamcrest:jar:2.2:test (version managed from 2.2)
[DEBUG]       org.junit.jupiter:junit-jupiter:jar:5.11.4:test (version managed from 5.11.4)
[DEBUG]          org.junit.jupiter:junit-jupiter-api:jar:5.11.4:test (version managed from 5.11.4)
[DEBUG]             org.opentest4j:opentest4j:jar:1.3.0:test
[DEBUG]             org.junit.platform:junit-platform-commons:jar:1.11.4:test (version managed from 1.11.4)
[DEBUG]             org.apiguardian:apiguardian-api:jar:1.1.2:test
[DEBUG]          org.junit.jupiter:junit-jupiter-params:jar:5.11.4:test (version managed from 5.11.4)
[DEBUG]          org.junit.jupiter:junit-jupiter-engine:jar:5.11.4:test (version managed from 5.11.4)
[DEBUG]             org.junit.platform:junit-platform-engine:jar:1.11.4:test (version managed from 1.11.4)
[DEBUG]       org.mockito:mockito-core:jar:5.14.2:test (version managed from 5.14.2)
[DEBUG]          net.bytebuddy:byte-buddy-agent:jar:1.15.11:test (version managed from 1.15.4)
[DEBUG]          org.objenesis:objenesis:jar:3.3:test
[DEBUG]       org.mockito:mockito-junit-jupiter:jar:5.14.2:test (version managed from 5.14.2)
[DEBUG]       org.skyscreamer:jsonassert:jar:1.5.3:test (version managed from 1.5.3)
[DEBUG]          com.vaadin.external.google:android-json:jar:0.0.20131108.vaadin1:test
[DEBUG]       org.springframework:spring-core:jar:6.2.5:compile (version managed from 6.2.5)
[DEBUG]          org.springframework:spring-jcl:jar:6.2.5:compile (version managed from 6.2.5)
[DEBUG]       org.springframework:spring-test:jar:6.2.5:test (version managed from 6.2.5)
[DEBUG]       org.xmlunit:xmlunit-core:jar:2.10.0:test (version managed from 2.10.0)
[DEBUG]    org.springframework.security:spring-security-test:jar:6.4.4:test
[DEBUG]       org.springframework.security:spring-security-core:jar:6.4.4:compile (version managed from 6.4.4)
[DEBUG]          org.springframework.security:spring-security-crypto:jar:6.4.4:compile (version managed from 6.4.4)
[DEBUG]    org.springframework.boot:spring-boot-testcontainers:jar:3.4.4:test
[DEBUG]       org.testcontainers:testcontainers:jar:1.21.3:test (version managed from 1.20.6)
[DEBUG]          junit:junit:jar:4.13.2:test (version managed from 4.13.2)
[DEBUG]             org.hamcrest:hamcrest-core:jar:2.2:test (version managed from 1.3)
[DEBUG]          org.apache.commons:commons-compress:jar:1.24.0:test
[DEBUG]          org.rnorth.duct-tape:duct-tape:jar:1.0.8:test
[DEBUG]             org.jetbrains:annotations:jar:17.0.0:test
[DEBUG]          com.github.docker-java:docker-java-api:jar:3.4.2:test
[DEBUG]          com.github.docker-java:docker-java-transport-zerodep:jar:3.4.2:test
[DEBUG]             com.github.docker-java:docker-java-transport:jar:3.4.2:test
[DEBUG]             net.java.dev.jna:jna:jar:5.13.0:test
[DEBUG]    org.testcontainers:postgresql:jar:1.21.3:test
[DEBUG]       org.testcontainers:jdbc:jar:1.21.3:test (version managed from 1.21.3)
[DEBUG]          org.testcontainers:database-commons:jar:1.21.3:test (version managed from 1.21.3)
[DEBUG]    org.mapstruct:mapstruct:jar:1.6.3:compile
[DEBUG]    org.projectlombok:lombok:jar:1.18.36:provided
[DEBUG]    me.paulschwarz:spring-dotenv:jar:4.0.0:compile
[DEBUG]       io.github.cdimascio:dotenv-java:jar:3.0.0:runtime
[DEBUG]    io.jsonwebtoken:jjwt-api:jar:0.11.5:compile
[DEBUG]    io.jsonwebtoken:jjwt-impl:jar:0.11.5:runtime
[DEBUG]    io.jsonwebtoken:jjwt-jackson:jar:0.11.5:runtime
[DEBUG]       com.fasterxml.jackson.core:jackson-databind:jar:2.18.3:compile (version managed from 2.12.6.1)
[DEBUG]    com.sendgrid:sendgrid-java:jar:4.9.3:compile
[DEBUG]       com.sendgrid:java-http-client:jar:4.5.0:compile
[DEBUG]          org.apache.httpcomponents:httpcore:jar:4.4.16:compile (version managed from 4.4.15)
[DEBUG]          org.apache.httpcomponents:httpclient:jar:4.5.13:compile
[DEBUG]             commons-logging:commons-logging:jar:1.2:compile
[DEBUG]             commons-codec:commons-codec:jar:1.17.2:compile (version managed from 1.11)
[DEBUG]       com.fasterxml.jackson.core:jackson-core:jar:2.18.3:compile (version managed from 2.13.3)
[DEBUG]       com.fasterxml.jackson.core:jackson-annotations:jar:2.18.3:compile (version managed from 2.13.3)
[DEBUG]       org.bouncycastle:bcprov-jdk15on:jar:1.70:compile
[DEBUG]    org.springframework.boot:spring-boot-starter-data-redis:jar:3.4.4:compile
[DEBUG]       io.lettuce:lettuce-core:jar:6.4.2.RELEASE:compile (version managed from 6.4.2.RELEASE)
[DEBUG]          io.netty:netty-common:jar:4.1.119.Final:compile (version managed from 4.1.107.Final)
[DEBUG]          io.netty:netty-handler:jar:4.1.119.Final:compile (version managed from 4.1.107.Final)
[DEBUG]             io.netty:netty-resolver:jar:4.1.119.Final:compile (version managed from 4.1.119.Final)
[DEBUG]             io.netty:netty-buffer:jar:4.1.119.Final:compile (version managed from 4.1.119.Final)
[DEBUG]             io.netty:netty-transport-native-unix-common:jar:4.1.119.Final:compile (version managed from 4.1.119.Final)
[DEBUG]             io.netty:netty-codec:jar:4.1.119.Final:compile (version managed from 4.1.119.Final)
[DEBUG]          io.netty:netty-transport:jar:4.1.119.Final:compile (version managed from 4.1.107.Final)
[DEBUG]          io.projectreactor:reactor-core:jar:3.7.4:compile (version managed from 3.6.6)
[DEBUG]             org.reactivestreams:reactive-streams:jar:1.0.4:compile (version managed from 1.0.4)
[DEBUG]       org.springframework.data:spring-data-redis:jar:3.4.4:compile (version managed from 3.4.4)
[DEBUG]          org.springframework.data:spring-data-keyvalue:jar:3.4.4:compile (version managed from 3.4.4)
[DEBUG]          org.springframework:spring-oxm:jar:6.2.5:compile (version managed from 6.2.4)
[DEBUG]          org.springframework:spring-context-support:jar:6.2.5:compile (version managed from 6.2.4)
[DEBUG]    org.springdoc:springdoc-openapi-starter-webmvc-ui:jar:2.8.9:compile
[DEBUG]       org.springdoc:springdoc-openapi-starter-webmvc-api:jar:2.8.9:compile
[DEBUG]          org.springdoc:springdoc-openapi-starter-common:jar:2.8.9:compile
[DEBUG]             io.swagger.core.v3:swagger-core-jakarta:jar:2.2.30:compile
[DEBUG]                org.apache.commons:commons-lang3:jar:3.17.0:compile (version managed from 3.17.0)
[DEBUG]                io.swagger.core.v3:swagger-annotations-jakarta:jar:2.2.30:compile
[DEBUG]                io.swagger.core.v3:swagger-models-jakarta:jar:2.2.30:compile
[DEBUG]                com.fasterxml.jackson.dataformat:jackson-dataformat-yaml:jar:2.18.3:compile (version managed from 2.18.2)
[DEBUG]       org.webjars:swagger-ui:jar:5.21.0:compile
[DEBUG]       org.webjars:webjars-locator-lite:jar:1.0.1:compile (version managed from 1.1.0)
[DEBUG]          org.jspecify:jspecify:jar:1.0.0:compile (version managed from 1.0.0)
[DEBUG]    io.hypersistence:hypersistence-utils-hibernate-60:jar:3.7.1:compile
[DEBUG]       javax.xml.bind:jaxb-api:jar:2.3.0:compile
[DEBUG]       io.hypersistence:hypersistence-tsid:jar:2.1.1:compile
[DEBUG]    org.apache.tika:tika-core:jar:3.2.1:compile
[DEBUG]       org.slf4j:slf4j-api:jar:2.0.17:compile (version managed from 2.0.17)
[DEBUG]       commons-io:commons-io:jar:2.19.0:compile
[DEBUG]    net.coobird:thumbnailator:jar:0.4.20:compile
[DEBUG]    org.apache.logging.log4j:log4j-api:jar:2.23.1:compile
[INFO] 
[INFO] --- jacoco:0.8.11:prepare-agent (prepare-agent) @ elec_business ---
[DEBUG] Using mirror maven-default-http-blocker (http://0.0.0.0/) for apache.snapshots (http://people.apache.org/repo/m2-snapshot-repository).
[DEBUG] Dependency collection stats {ConflictMarker.analyzeTime=48459, ConflictMarker.markTime=10375, ConflictMarker.nodeCount=18, ConflictIdSorter.graphTime=35792, ConflictIdSorter.topsortTime=6791, ConflictIdSorter.conflictIdCount=13, ConflictIdSorter.conflictIdCycleCount=0, ConflictResolver.totalTime=84375, ConflictResolver.conflictItemCount=18, DfDependencyCollector.collectTime=14592500, DfDependencyCollector.transformTime=193500}
[DEBUG] org.jacoco:jacoco-maven-plugin:jar:0.8.11
[DEBUG]    org.codehaus.plexus:plexus-utils:jar:3.0.24:compile
[DEBUG]    org.apache.maven.shared:file-management:jar:3.1.0:compile
[DEBUG]       org.slf4j:slf4j-api:jar:1.7.36:compile
[DEBUG]       commons-io:commons-io:jar:2.11.0:compile
[DEBUG]    org.apache.maven.reporting:maven-reporting-api:jar:3.0:compile
[DEBUG]       org.apache.maven.doxia:doxia-sink-api:jar:1.0:compile
[DEBUG]    org.jacoco:org.jacoco.agent:jar:runtime:0.8.11:compile
[DEBUG]    org.jacoco:org.jacoco.core:jar:0.8.11:compile
[DEBUG]       org.ow2.asm:asm:jar:9.6:compile (version managed from default)
[DEBUG]       org.ow2.asm:asm-commons:jar:9.6:compile (version managed from default)
[DEBUG]       org.ow2.asm:asm-tree:jar:9.6:compile (version managed from default)
[DEBUG]    org.jacoco:org.jacoco.report:jar:0.8.11:compile
[DEBUG] Created new class realm plugin>org.jacoco:jacoco-maven-plugin:0.8.11
[DEBUG] Importing foreign packages into class realm plugin>org.jacoco:jacoco-maven-plugin:0.8.11
[DEBUG]   Imported:  < maven.api
[DEBUG] Populating class realm plugin>org.jacoco:jacoco-maven-plugin:0.8.11
[DEBUG]   Included: org.jacoco:jacoco-maven-plugin:jar:0.8.11
[DEBUG]   Included: org.codehaus.plexus:plexus-utils:jar:3.0.24
[DEBUG]   Included: org.apache.maven.shared:file-management:jar:3.1.0
[DEBUG]   Included: commons-io:commons-io:jar:2.11.0
[DEBUG]   Included: org.apache.maven.reporting:maven-reporting-api:jar:3.0
[DEBUG]   Included: org.apache.maven.doxia:doxia-sink-api:jar:1.0
[DEBUG]   Included: org.jacoco:org.jacoco.agent:jar:runtime:0.8.11
[DEBUG]   Included: org.jacoco:org.jacoco.core:jar:0.8.11
[DEBUG]   Included: org.ow2.asm:asm:jar:9.6
[DEBUG]   Included: org.ow2.asm:asm-commons:jar:9.6
[DEBUG]   Included: org.ow2.asm:asm-tree:jar:9.6
[DEBUG]   Included: org.jacoco:org.jacoco.report:jar:0.8.11
[DEBUG] Loading mojo org.jacoco:jacoco-maven-plugin:0.8.11:prepare-agent from plugin realm ClassRealm[plugin>org.jacoco:jacoco-maven-plugin:0.8.11, parent: jdk.internal.loader.ClassLoaders$AppClassLoader@c387f44]
[DEBUG] Configuring mojo execution 'org.jacoco:jacoco-maven-plugin:0.8.11:prepare-agent:prepare-agent' with basic configurator -->
[DEBUG]   (f) destFile = /Users/nahima/Dev/Elec_business_spring/target/jacoco.exec
[DEBUG]   (f) pluginArtifactMap = {org.jacoco:jacoco-maven-plugin=org.jacoco:jacoco-maven-plugin:maven-plugin:0.8.11:, org.codehaus.plexus:plexus-utils=org.codehaus.plexus:plexus-utils:jar:3.0.24:compile, org.apache.maven.shared:file-management=org.apache.maven.shared:file-management:jar:3.1.0:compile, org.slf4j:slf4j-api=org.slf4j:slf4j-api:jar:1.7.36:compile, commons-io:commons-io=commons-io:commons-io:jar:2.11.0:compile, org.apache.maven.reporting:maven-reporting-api=org.apache.maven.reporting:maven-reporting-api:jar:3.0:compile, org.apache.maven.doxia:doxia-sink-api=org.apache.maven.doxia:doxia-sink-api:jar:1.0:compile, org.jacoco:org.jacoco.agent=org.jacoco:org.jacoco.agent:jar:runtime:0.8.11:compile, org.jacoco:org.jacoco.core=org.jacoco:org.jacoco.core:jar:0.8.11:compile, org.ow2.asm:asm=org.ow2.asm:asm:jar:9.6:compile, org.ow2.asm:asm-commons=org.ow2.asm:asm-commons:jar:9.6:compile, org.ow2.asm:asm-tree=org.ow2.asm:asm-tree:jar:9.6:compile, org.jacoco:org.jacoco.report=org.jacoco:org.jacoco.report:jar:0.8.11:compile}
[DEBUG]   (f) project = MavenProject: com.elec_business:elec_business:0.0.1-SNAPSHOT @ /Users/nahima/Dev/Elec_business_spring/pom.xml
[DEBUG]   (f) skip = false
[DEBUG] -- end configuration --
[INFO] argLine set to -javaagent:/Users/nahima/.m2/repository/org/jacoco/org.jacoco.agent/0.8.11/org.jacoco.agent-0.8.11-runtime.jar=destfile=/Users/nahima/Dev/Elec_business_spring/target/jacoco.exec
[INFO] 
[INFO] --- resources:3.3.1:resources (default-resources) @ elec_business ---
[DEBUG] Dependency collection stats {ConflictMarker.analyzeTime=25541, ConflictMarker.markTime=7417, ConflictMarker.nodeCount=13, ConflictIdSorter.graphTime=118916, ConflictIdSorter.topsortTime=5792, ConflictIdSorter.conflictIdCount=9, ConflictIdSorter.conflictIdCycleCount=0, ConflictResolver.totalTime=82958, ConflictResolver.conflictItemCount=13, DfDependencyCollector.collectTime=8100209, DfDependencyCollector.transformTime=247958}
[DEBUG] org.apache.maven.plugins:maven-resources-plugin:jar:3.3.1
[DEBUG]    org.codehaus.plexus:plexus-interpolation:jar:1.26:runtime
[DEBUG]    org.codehaus.plexus:plexus-utils:jar:3.5.1:compile
[DEBUG]    org.apache.maven.shared:maven-filtering:jar:3.3.1:compile
[DEBUG]       javax.inject:javax.inject:jar:1:compile
[DEBUG]       org.slf4j:slf4j-api:jar:1.7.36:compile
[DEBUG]       org.sonatype.plexus:plexus-build-api:jar:0.0.7:compile
[DEBUG]    commons-io:commons-io:jar:2.11.0:compile
[DEBUG]    org.apache.commons:commons-lang3:jar:3.12.0:compile
[DEBUG] Created new class realm plugin>org.apache.maven.plugins:maven-resources-plugin:3.3.1
[DEBUG] Importing foreign packages into class realm plugin>org.apache.maven.plugins:maven-resources-plugin:3.3.1
[DEBUG]   Imported:  < maven.api
[DEBUG] Populating class realm plugin>org.apache.maven.plugins:maven-resources-plugin:3.3.1
[DEBUG]   Included: org.apache.maven.plugins:maven-resources-plugin:jar:3.3.1
[DEBUG]   Included: org.codehaus.plexus:plexus-interpolation:jar:1.26
[DEBUG]   Included: org.codehaus.plexus:plexus-utils:jar:3.5.1
[DEBUG]   Included: org.apache.maven.shared:maven-filtering:jar:3.3.1
[DEBUG]   Included: org.sonatype.plexus:plexus-build-api:jar:0.0.7
[DEBUG]   Included: commons-io:commons-io:jar:2.11.0
[DEBUG]   Included: org.apache.commons:commons-lang3:jar:3.12.0
[DEBUG] Loading mojo org.apache.maven.plugins:maven-resources-plugin:3.3.1:resources from plugin realm ClassRealm[plugin>org.apache.maven.plugins:maven-resources-plugin:3.3.1, parent: jdk.internal.loader.ClassLoaders$AppClassLoader@c387f44]
[DEBUG] Configuring mojo execution 'org.apache.maven.plugins:maven-resources-plugin:3.3.1:resources:default-resources' with basic configurator -->
[DEBUG]   (f) addDefaultExcludes = true
[DEBUG]   (f) buildFilters = []
[DEBUG]   (s) delimiters = [@]
[DEBUG]   (f) encoding = UTF-8
[DEBUG]   (f) escapeWindowsPaths = true
[DEBUG]   (f) fileNameFiltering = false
[DEBUG]   (s) includeEmptyDirs = false
[DEBUG]   (s) outputDirectory = /Users/nahima/Dev/Elec_business_spring/target/classes
[DEBUG]   (s) overwrite = false
[DEBUG]   (f) project = MavenProject: com.elec_business:elec_business:0.0.1-SNAPSHOT @ /Users/nahima/Dev/Elec_business_spring/pom.xml
[DEBUG]   (f) propertiesEncoding = UTF-8
[DEBUG]   (s) resources = [Resource {targetPath: null, filtering: false, FileSet {directory: /Users/nahima/Dev/Elec_business_spring/src/main/resources, PatternSet [includes: {application.properties}, excludes: {}]}}, Resource {targetPath: null, filtering: true, FileSet {directory: /Users/nahima/Dev/Elec_business_spring/src/main/resources, PatternSet [includes: {application-prod.properties}, excludes: {}]}}]
[DEBUG]   (f) session = org.apache.maven.execution.MavenSession@404eca05
[DEBUG]   (f) skip = false
[DEBUG]   (f) supportMultiLineFiltering = false
[DEBUG]   (f) useBuildFilters = true
[DEBUG]   (s) useDefaultDelimiters = false
[DEBUG] -- end configuration --
[DEBUG] properties used:
[DEBUG] activemq.version: 6.1.6
[DEBUG] angus-mail.version: 2.0.3
[DEBUG] apple.awt.application.name: Launcher
[DEBUG] argLine: -javaagent:/Users/nahima/.m2/repository/org/jacoco/org.jacoco.agent/0.8.11/org.jacoco.agent-0.8.11-runtime.jar=destfile=/Users/nahima/Dev/Elec_business_spring/target/jacoco.exec
[DEBUG] artemis.version: 2.37.0
[DEBUG] aspectj.version: 1.9.23
[DEBUG] assertj.version: 3.26.3
[DEBUG] awaitility.version: 4.2.2
[DEBUG] brave.version: 6.0.3
[DEBUG] build-helper-maven-plugin.version: 3.6.0
[DEBUG] byte-buddy.version: 1.15.11
[DEBUG] cache2k.version: 2.6.1.Final
[DEBUG] caffeine.version: 3.1.8
[DEBUG] cassandra-driver.version: 4.18.1
[DEBUG] classmate.version: 1.7.0
[DEBUG] classworlds.conf: /opt/homebrew/Cellar/maven/3.9.11/libexec/bin/m2.conf
[DEBUG] commons-codec.version: 1.17.2
[DEBUG] commons-dbcp2.version: 2.12.0
[DEBUG] commons-lang3.version: 3.17.0
[DEBUG] commons-pool.version: 1.6
[DEBUG] commons-pool2.version: 2.12.1
[DEBUG] couchbase-client.version: 3.7.8
[DEBUG] crac.version: 1.5.0
[DEBUG] cyclonedx-maven-plugin.version: 2.9.1
[DEBUG] db2-jdbc.version: 11.5.9.0
[DEBUG] dependency-management-plugin.version: 1.1.7
[DEBUG] derby.version: 10.16.1.1
[DEBUG] ehcache3.version: 3.10.8
[DEBUG] elasticsearch-client.version: 8.15.5
[DEBUG] env.COMMAND_MODE: unix2003
[DEBUG] env.CPPFLAGS: -I/opt/homebrew/opt/openjdk@21/include
[DEBUG] env.FIG_TERM: 1
[DEBUG] env.HOME: /Users/nahima
[DEBUG] env.HOMEBREW_CELLAR: /opt/homebrew/Cellar
[DEBUG] env.HOMEBREW_PREFIX: /opt/homebrew
[DEBUG] env.HOMEBREW_REPOSITORY: /opt/homebrew
[DEBUG] env.IJ_RESTARTER_LOG: /Users/nahima/Library/Logs/JetBrains/IntelliJIdea2025.2/restarter.log
[DEBUG] env.INFOPATH: /opt/homebrew/share/info:
[DEBUG] env.JAVA_HOME: /opt/homebrew/opt/openjdk@21
[DEBUG] env.LANG: C.UTF-8
[DEBUG] env.LC_CTYPE: UTF-8
[DEBUG] env.LOGNAME: nahima
[DEBUG] env.LaunchInstanceID: 7CA0B754-37D3-4BB1-A588-EB54CED053E0
[DEBUG] env.MAVEN_CMD_LINE_ARGS:  compile -X
[DEBUG] env.MAVEN_PROJECTBASEDIR: /Users/nahima/Dev/Elec_business_spring
[DEBUG] env.NVM_BIN: /Users/nahima/.nvm/versions/node/v22.19.0/bin
[DEBUG] env.NVM_CD_FLAGS: -q
[DEBUG] env.NVM_DIR: /Users/nahima/.nvm
[DEBUG] env.NVM_INC: /Users/nahima/.nvm/versions/node/v22.19.0/include/node
[DEBUG] env.OLDPWD: /Users/nahima/Dev/Elec_business_spring
[DEBUG] env.OSLogRateLimit: 64
[DEBUG] env.PATH: /opt/homebrew/opt/openjdk@21/bin:/Users/nahima/.nvm/versions/node/v22.19.0/bin:/opt/homebrew/opt/openjdk@21/bin:/opt/homebrew/bin:/opt/homebrew/sbin:/usr/local/bin:/System/Cryptexes/App/usr/bin:/usr/bin:/bin:/usr/sbin:/sbin:/var/run/com.apple.security.cryptexd/codex.system/bootstrap/usr/local/bin:/var/run/com.apple.security.cryptexd/codex.system/bootstrap/usr/bin:/var/run/com.apple.security.cryptexd/codex.system/bootstrap/usr/appleinternal/bin:/opt/pmk/env/global/bin
[DEBUG] env.PROCESS_LAUNCHED_BY_CW: 1
[DEBUG] env.PROCESS_LAUNCHED_BY_Q: 1
[DEBUG] env.PWD: /Users/nahima/Dev/Elec_business_spring
[DEBUG] env.SECURITYSESSIONID: 186a2
[DEBUG] env.SHELL: /bin/zsh
[DEBUG] env.SHLVL: 1
[DEBUG] env.SSH_AUTH_SOCK: /private/tmp/com.apple.launchd.eZXk9DzH4V/Listeners
[DEBUG] env.TERM: xterm-256color
[DEBUG] env.TERMINAL_EMULATOR: JetBrains-JediTerm
[DEBUG] env.TERM_SESSION_ID: 46ba9e1a-4a81-4446-91af-46d9b73a8fc4
[DEBUG] env.TMPDIR: /var/folders/y1/kjv7pxb51c11lptv_jrbgv2w0000gn/T/
[DEBUG] env.USER: nahima
[DEBUG] env.XPC_FLAGS: 0x0
[DEBUG] env.XPC_SERVICE_NAME: 0
[DEBUG] env.__CFBundleIdentifier: com.jetbrains.intellij
[DEBUG] env.__CF_USER_TEXT_ENCODING: 0x1F5:0x0:0x1
[DEBUG] file.encoding: UTF-8
[DEBUG] file.separator: /
[DEBUG] flyway.version: 10.20.1
[DEBUG] freemarker.version: 2.3.34
[DEBUG] ftp.nonProxyHosts: local|*.local|169.254/16|*.169.254/16
[DEBUG] git-commit-id-maven-plugin.version: 9.0.1
[DEBUG] glassfish-jaxb.version: 4.0.5
[DEBUG] glassfish-jstl.version: 3.0.1
[DEBUG] graphql-java.version: 22.3
[DEBUG] groovy.version: 4.0.26
[DEBUG] gson.version: 2.11.0
[DEBUG] h2.version: 2.3.232
[DEBUG] hamcrest.version: 2.2
[DEBUG] hazelcast.version: 5.5.0
[DEBUG] hibernate-validator.version: 8.0.2.Final
[DEBUG] hibernate.version: 6.6.11.Final
[DEBUG] hikaricp.version: 5.1.0
[DEBUG] hsqldb.version: 2.7.3
[DEBUG] htmlunit.version: 4.5.0
[DEBUG] http.nonProxyHosts: local|*.local|169.254/16|*.169.254/16
[DEBUG] httpasyncclient.version: 4.1.5
[DEBUG] httpclient5.version: 5.4.2
[DEBUG] httpcore.version: 4.4.16
[DEBUG] httpcore5.version: 5.3.3
[DEBUG] infinispan.version: 15.0.14.Final
[DEBUG] influxdb-java.version: 2.24
[DEBUG] jackson-bom.version: 2.18.3
[DEBUG] jakarta-activation.version: 2.1.3
[DEBUG] jakarta-annotation.version: 2.1.1
[DEBUG] jakarta-inject.version: 2.0.1
[DEBUG] jakarta-jms.version: 3.1.0
[DEBUG] jakarta-json-bind.version: 3.0.1
[DEBUG] jakarta-json.version: 2.1.3
[DEBUG] jakarta-mail.version: 2.1.3
[DEBUG] jakarta-management.version: 1.1.4
[DEBUG] jakarta-persistence.version: 3.1.0
[DEBUG] jakarta-servlet-jsp-jstl.version: 3.0.2
[DEBUG] jakarta-servlet.version: 6.0.0
[DEBUG] jakarta-transaction.version: 2.0.1
[DEBUG] jakarta-validation.version: 3.0.2
[DEBUG] jakarta-websocket.version: 2.1.1
[DEBUG] jakarta-ws-rs.version: 3.1.0
[DEBUG] jakarta-xml-bind.version: 4.0.2
[DEBUG] jakarta-xml-soap.version: 3.0.2
[DEBUG] jakarta-xml-ws.version: 4.0.2
[DEBUG] janino.version: 3.1.12
[DEBUG] java.class.path: /opt/homebrew/Cellar/maven/3.9.11/libexec/boot/plexus-classworlds-2.9.0.jar
[DEBUG] java.class.version: 65.0
[DEBUG] java.home: /opt/homebrew/Cellar/openjdk@21/21.0.9/libexec/openjdk.jdk/Contents/Home
[DEBUG] java.io.tmpdir: /var/folders/y1/kjv7pxb51c11lptv_jrbgv2w0000gn/T/
[DEBUG] java.library.path: /Users/nahima/Library/Java/Extensions:/Library/Java/Extensions:/Network/Library/Java/Extensions:/System/Library/Java/Extensions:/usr/lib/java:.
[DEBUG] java.runtime.name: OpenJDK Runtime Environment
[DEBUG] java.runtime.version: 21.0.9
[DEBUG] java.specification.name: Java Platform API Specification
[DEBUG] java.specification.vendor: Oracle Corporation
[DEBUG] java.specification.version: 21
[DEBUG] java.vendor: Homebrew
[DEBUG] java.vendor.url: https://github.com/Homebrew/homebrew-core/issues
[DEBUG] java.vendor.url.bug: https://github.com/Homebrew/homebrew-core/issues
[DEBUG] java.vendor.version: Homebrew
[DEBUG] java.version: 21.0.9
[DEBUG] java.version.date: 2025-10-21
[DEBUG] java.vm.compressedOopsMode: Zero based
[DEBUG] java.vm.info: mixed mode, sharing
[DEBUG] java.vm.name: OpenJDK 64-Bit Server VM
[DEBUG] java.vm.specification.name: Java Virtual Machine Specification
[DEBUG] java.vm.specification.vendor: Oracle Corporation
[DEBUG] java.vm.specification.version: 21
[DEBUG] java.vm.vendor: Homebrew
[DEBUG] java.vm.version: 21.0.9
[DEBUG] javax-cache.version: 1.1.1
[DEBUG] javax-money.version: 1.1
[DEBUG] jaxen.version: 2.0.0
[DEBUG] jaybird.version: 5.0.6.java11
[DEBUG] jboss-logging.version: 3.6.1.Final
[DEBUG] jdk.debug: release
[DEBUG] jdom2.version: 2.0.6.1
[DEBUG] jedis.version: 5.2.0
[DEBUG] jersey.version: 3.1.10
[DEBUG] jetty-reactive-httpclient.version: 4.0.9
[DEBUG] jetty.version: 12.0.18
[DEBUG] jmustache.version: 1.16
[DEBUG] jooq.version: 3.19.21
[DEBUG] json-path.version: 2.9.0
[DEBUG] json-smart.version: 2.5.2
[DEBUG] jsonassert.version: 1.5.3
[DEBUG] jtds.version: 1.3.1
[DEBUG] junit-jupiter.version: 5.11.4
[DEBUG] junit.version: 4.13.2
[DEBUG] kafka.version: 3.8.1
[DEBUG] kotlin-coroutines.version: 1.8.1
[DEBUG] kotlin-serialization.version: 1.6.3
[DEBUG] kotlin.version: 1.9.25
[DEBUG] lettuce.version: 6.4.2.RELEASE
[DEBUG] library.jansi.path: /opt/homebrew/Cellar/maven/3.9.11/libexec/lib/jansi-native
[DEBUG] line.separator: 

[DEBUG] liquibase.version: 4.29.2
[DEBUG] log4j2.version: 2.24.3
[DEBUG] logback.version: 1.5.18
[DEBUG] lombok.version: 1.18.36
[DEBUG] mariadb.version: 3.4.1
[DEBUG] maven-antrun-plugin.version: 3.1.0
[DEBUG] maven-assembly-plugin.version: 3.7.1
[DEBUG] maven-clean-plugin.version: 3.4.1
[DEBUG] maven-compiler-plugin.version: 3.13.0
[DEBUG] maven-dependency-plugin.version: 3.8.1
[DEBUG] maven-deploy-plugin.version: 3.1.4
[DEBUG] maven-enforcer-plugin.version: 3.5.0
[DEBUG] maven-failsafe-plugin.version: 3.5.2
[DEBUG] maven-help-plugin.version: 3.5.1
[DEBUG] maven-install-plugin.version: 3.1.4
[DEBUG] maven-invoker-plugin.version: 3.8.1
[DEBUG] maven-jar-plugin.version: 3.4.2
[DEBUG] maven-javadoc-plugin.version: 3.10.1
[DEBUG] maven-resources-plugin.version: 3.3.1
[DEBUG] maven-shade-plugin.version: 3.6.0
[DEBUG] maven-source-plugin.version: 3.3.1
[DEBUG] maven-surefire-plugin.version: 3.5.2
[DEBUG] maven-war-plugin.version: 3.4.0
[DEBUG] maven.build.timestamp: 2025-12-05T11:39:35Z
[DEBUG] maven.build.version: Apache Maven 3.9.11 (3e54c93a704957b63ee3494413a2b544fd3d825b)
[DEBUG] maven.compiler.release: 21
[DEBUG] maven.conf: /opt/homebrew/Cellar/maven/3.9.11/libexec/conf
[DEBUG] maven.home: /opt/homebrew/Cellar/maven/3.9.11/libexec
[DEBUG] maven.multiModuleProjectDirectory: /Users/nahima/Dev/Elec_business_spring
[DEBUG] maven.version: 3.9.11
[DEBUG] micrometer-tracing.version: 1.4.4
[DEBUG] micrometer.version: 1.14.5
[DEBUG] mockito.version: 5.14.2
[DEBUG] mongodb.version: 5.2.1
[DEBUG] mssql-jdbc.version: 12.8.1.jre11
[DEBUG] mysql.version: 9.1.0
[DEBUG] native-build-tools-plugin.version: 0.10.6
[DEBUG] native.encoding: UTF-8
[DEBUG] nekohtml.version: 1.9.22
[DEBUG] neo4j-java-driver.version: 5.28.3
[DEBUG] netty.version: 4.1.119.Final
[DEBUG] opentelemetry.version: 1.43.0
[DEBUG] oracle-database.version: 23.5.0.24.07
[DEBUG] oracle-r2dbc.version: 1.2.0
[DEBUG] os.arch: aarch64
[DEBUG] os.name: Mac OS X
[DEBUG] os.version: 26.1
[DEBUG] path.separator: :
[DEBUG] pooled-jms.version: 3.1.7
[DEBUG] postgresql.version: 42.7.5
[DEBUG] project.baseUri: file:/Users/nahima/Dev/Elec_business_spring/
[DEBUG] project.build.sourceEncoding: UTF-8
[DEBUG] project.reporting.outputEncoding: UTF-8
[DEBUG] prometheus-client.version: 1.3.6
[DEBUG] prometheus-simpleclient.version: 0.16.0
[DEBUG] pulsar-reactive.version: 0.5.10
[DEBUG] pulsar.version: 3.3.5
[DEBUG] quartz.version: 2.3.2
[DEBUG] querydsl.version: 5.1.0
[DEBUG] r2dbc-h2.version: 1.0.0.RELEASE
[DEBUG] r2dbc-mariadb.version: 1.2.2
[DEBUG] r2dbc-mssql.version: 1.0.2.RELEASE
[DEBUG] r2dbc-mysql.version: 1.3.2
[DEBUG] r2dbc-pool.version: 1.0.2.RELEASE
[DEBUG] r2dbc-postgresql.version: 1.0.7.RELEASE
[DEBUG] r2dbc-proxy.version: 1.1.5.RELEASE
[DEBUG] r2dbc-spi.version: 1.0.0.RELEASE
[DEBUG] rabbit-amqp-client.version: 5.22.0
[DEBUG] rabbit-stream-client.version: 0.18.0
[DEBUG] reactive-streams.version: 1.0.4
[DEBUG] reactor-bom.version: 2024.0.4
[DEBUG] resource.delimiter: @
[DEBUG] rest-assured.version: 5.5.1
[DEBUG] rsocket.version: 1.1.5
[DEBUG] rxjava3.version: 3.1.10
[DEBUG] saaj-impl.version: 3.0.4
[DEBUG] selenium-htmlunit.version: 4.25.0
[DEBUG] selenium.version: 4.25.0
[DEBUG] sendgrid.version: 4.10.3
[DEBUG] slf4j.version: 2.0.17
[DEBUG] snakeyaml.version: 2.3
[DEBUG] socksNonProxyHosts: local|*.local|169.254/16|*.169.254/16
[DEBUG] sonar.organization: 116918479
[DEBUG] sonar.projectKey: hb-cda_elec-business-spring
[DEBUG] spring-amqp.version: 3.2.4
[DEBUG] spring-authorization-server.version: 1.4.2
[DEBUG] spring-batch.version: 5.2.2
[DEBUG] spring-boot.run.main-class: ${start-class}
[DEBUG] spring-data-bom.version: 2024.1.4
[DEBUG] spring-framework.version: 6.2.5
[DEBUG] spring-graphql.version: 1.3.4
[DEBUG] spring-hateoas.version: 2.4.1
[DEBUG] spring-integration.version: 6.4.3
[DEBUG] spring-kafka.version: 3.3.4
[DEBUG] spring-ldap.version: 3.2.11
[DEBUG] spring-pulsar.version: 1.2.4
[DEBUG] spring-restdocs.version: 3.0.3
[DEBUG] spring-retry.version: 2.0.11
[DEBUG] spring-security.version: 6.4.4
[DEBUG] spring-session.version: 3.4.2
[DEBUG] spring-ws.version: 4.0.12
[DEBUG] sqlite-jdbc.version: 3.47.2.0
[DEBUG] stderr.encoding: UTF-8
[DEBUG] stdout.encoding: UTF-8
[DEBUG] sun.arch.data.model: 64
[DEBUG] sun.boot.library.path: /opt/homebrew/Cellar/openjdk@21/21.0.9/libexec/openjdk.jdk/Contents/Home/lib
[DEBUG] sun.cpu.endian: little
[DEBUG] sun.io.unicode.encoding: UnicodeBig
[DEBUG] sun.java.command: org.codehaus.plexus.classworlds.launcher.Launcher compile -X
[DEBUG] sun.java.launcher: SUN_STANDARD
[DEBUG] sun.jnu.encoding: UTF-8
[DEBUG] sun.management.compiler: HotSpot 64-Bit Tiered Compilers
[DEBUG] testcontainers-redis-module.version: 2.2.4
[DEBUG] testcontainers.version: 1.21.3
[DEBUG] thymeleaf-extras-data-attribute.version: 2.0.1
[DEBUG] thymeleaf-extras-springsecurity.version: 3.1.3.RELEASE
[DEBUG] thymeleaf-layout-dialect.version: 3.3.0
[DEBUG] thymeleaf.version: 3.1.3.RELEASE
[DEBUG] tomcat.version: 10.1.39
[DEBUG] unboundid-ldapsdk.version: 6.0.11
[DEBUG] undertow.version: 2.3.18.Final
[DEBUG] user.country: FR
[DEBUG] user.dir: /Users/nahima/Dev/Elec_business_spring
[DEBUG] user.home: /Users/nahima
[DEBUG] user.language: fr
[DEBUG] user.name: nahima
[DEBUG] versions-maven-plugin.version: 2.17.1
[DEBUG] webjars-locator-core.version: 0.59
[DEBUG] webjars-locator-lite.version: 1.0.1
[DEBUG] wsdl4j.version: 1.6.3
[DEBUG] xml-maven-plugin.version: 1.1.0
[DEBUG] xmlunit2.version: 2.10.0
[DEBUG] yasson.version: 3.0.4
[DEBUG] zipkin-reporter.version: 3.4.3
[DEBUG] Using 'UTF-8' encoding to copy filtered resources.
[DEBUG] Using 'UTF-8' encoding to copy filtered properties files.
[DEBUG] resource with targetPath null
directory /Users/nahima/Dev/Elec_business_spring/src/main/resources
excludes []
includes [application.properties]
[DEBUG] ignoreDelta true
[INFO] Copying 1 resource from src/main/resources to target/classes
[DEBUG] Copying file application.properties
[DEBUG] file application.properties has a filtered file extension
[DEBUG] Using 'UTF-8' encoding to copy filtered resource 'application.properties'.
[DEBUG] copy /Users/nahima/Dev/Elec_business_spring/src/main/resources/application.properties to /Users/nahima/Dev/Elec_business_spring/target/classes/application.properties
[DEBUG] resource with targetPath null
directory /Users/nahima/Dev/Elec_business_spring/src/main/resources
excludes []
includes [application-prod.properties]
[DEBUG] ignoreDelta true
[INFO] Copying 1 resource from src/main/resources to target/classes
[DEBUG] Copying file application-prod.properties
[DEBUG] file application-prod.properties has a filtered file extension
[DEBUG] Using 'UTF-8' encoding to copy filtered resource 'application-prod.properties'.
[DEBUG] filtering /Users/nahima/Dev/Elec_business_spring/src/main/resources/application-prod.properties to /Users/nahima/Dev/Elec_business_spring/target/classes/application-prod.properties
[DEBUG] no user filter components
[INFO] 
[INFO] --- compiler:3.10.1:compile (default-compile) @ elec_business ---
[DEBUG] Using mirror maven-default-http-blocker (http://0.0.0.0/) for ow2-snapshot (http://repository.ow2.org/nexus/content/repositories/snapshots).
[DEBUG] Dependency collection stats {ConflictMarker.analyzeTime=12208, ConflictMarker.markTime=9000, ConflictMarker.nodeCount=17, ConflictIdSorter.graphTime=3625, ConflictIdSorter.topsortTime=7542, ConflictIdSorter.conflictIdCount=12, ConflictIdSorter.conflictIdCycleCount=0, ConflictResolver.totalTime=62833, ConflictResolver.conflictItemCount=17, DfDependencyCollector.collectTime=9612708, DfDependencyCollector.transformTime=103334}
[DEBUG] org.apache.maven.plugins:maven-compiler-plugin:jar:3.10.1
[DEBUG]    org.apache.maven.shared:maven-shared-utils:jar:3.3.4:compile
[DEBUG]       commons-io:commons-io:jar:2.6:compile
[DEBUG]    org.apache.maven.shared:maven-shared-incremental:jar:1.1:compile
[DEBUG]       org.codehaus.plexus:plexus-component-annotations:jar:2.0.0:compile (version managed from default)
[DEBUG]    org.codehaus.plexus:plexus-java:jar:1.1.1:compile
[DEBUG]       org.ow2.asm:asm:jar:9.2:compile
[DEBUG]       com.thoughtworks.qdox:qdox:jar:2.0.1:compile (version managed from default)
[DEBUG]    org.codehaus.plexus:plexus-compiler-api:jar:2.11.1:compile
[DEBUG]       org.codehaus.plexus:plexus-utils:jar:3.4.1:compile
[DEBUG]    org.codehaus.plexus:plexus-compiler-manager:jar:2.11.1:compile
[DEBUG]    org.codehaus.plexus:plexus-compiler-javac:jar:2.11.1:runtime
[DEBUG] Created new class realm plugin>org.apache.maven.plugins:maven-compiler-plugin:3.10.1
[DEBUG] Importing foreign packages into class realm plugin>org.apache.maven.plugins:maven-compiler-plugin:3.10.1
[DEBUG]   Imported:  < maven.api
[DEBUG] Populating class realm plugin>org.apache.maven.plugins:maven-compiler-plugin:3.10.1
[DEBUG]   Included: org.apache.maven.plugins:maven-compiler-plugin:jar:3.10.1
[DEBUG]   Included: org.apache.maven.shared:maven-shared-utils:jar:3.3.4
[DEBUG]   Included: commons-io:commons-io:jar:2.6
[DEBUG]   Included: org.apache.maven.shared:maven-shared-incremental:jar:1.1
[DEBUG]   Included: org.codehaus.plexus:plexus-component-annotations:jar:2.0.0
[DEBUG]   Included: org.codehaus.plexus:plexus-java:jar:1.1.1
[DEBUG]   Included: org.ow2.asm:asm:jar:9.2
[DEBUG]   Included: com.thoughtworks.qdox:qdox:jar:2.0.1
[DEBUG]   Included: org.codehaus.plexus:plexus-compiler-api:jar:2.11.1
[DEBUG]   Included: org.codehaus.plexus:plexus-utils:jar:3.4.1
[DEBUG]   Included: org.codehaus.plexus:plexus-compiler-manager:jar:2.11.1
[DEBUG]   Included: org.codehaus.plexus:plexus-compiler-javac:jar:2.11.1
[DEBUG] Loading mojo org.apache.maven.plugins:maven-compiler-plugin:3.10.1:compile from plugin realm ClassRealm[plugin>org.apache.maven.plugins:maven-compiler-plugin:3.10.1, parent: jdk.internal.loader.ClassLoaders$AppClassLoader@c387f44]
[DEBUG] Configuring mojo execution 'org.apache.maven.plugins:maven-compiler-plugin:3.10.1:compile:default-compile' with basic configurator -->
[DEBUG]   (s) groupId = org.projectlombok
[DEBUG]   (s) artifactId = lombok
[DEBUG]   (s) version = 1.18.36
[DEBUG]   (s) groupId = org.projectlombok
[DEBUG]   (s) artifactId = lombok-mapstruct-binding
[DEBUG]   (s) version = 0.2.0
[DEBUG]   (s) groupId = org.mapstruct
[DEBUG]   (s) artifactId = mapstruct-processor
[DEBUG]   (s) version = 1.6.3
[DEBUG]   (f) annotationProcessorPaths = [org.projectlombok:lombok:1.18.36.jar, org.projectlombok:lombok-mapstruct-binding:0.2.0.jar, org.mapstruct:mapstruct-processor:1.6.3.jar]
[DEBUG]   (f) basedir = /Users/nahima/Dev/Elec_business_spring
[DEBUG]   (f) buildDirectory = /Users/nahima/Dev/Elec_business_spring/target
[DEBUG]   (f) compilePath = [/Users/nahima/Dev/Elec_business_spring/target/classes, /Users/nahima/.m2/repository/org/springframework/boot/spring-boot-starter-data-jpa/3.4.4/spring-boot-starter-data-jpa-3.4.4.jar, /Users/nahima/.m2/repository/org/springframework/boot/spring-boot-starter/3.4.4/spring-boot-starter-3.4.4.jar, /Users/nahima/.m2/repository/org/springframework/boot/spring-boot-starter-logging/3.4.4/spring-boot-starter-logging-3.4.4.jar, /Users/nahima/.m2/repository/ch/qos/logback/logback-classic/1.5.18/logback-classic-1.5.18.jar, /Users/nahima/.m2/repository/ch/qos/logback/logback-core/1.5.18/logback-core-1.5.18.jar, /Users/nahima/.m2/repository/org/apache/logging/log4j/log4j-to-slf4j/2.24.3/log4j-to-slf4j-2.24.3.jar, /Users/nahima/.m2/repository/org/slf4j/jul-to-slf4j/2.0.17/jul-to-slf4j-2.0.17.jar, /Users/nahima/.m2/repository/jakarta/annotation/jakarta.annotation-api/2.1.1/jakarta.annotation-api-2.1.1.jar, /Users/nahima/.m2/repository/org/yaml/snakeyaml/2.3/snakeyaml-2.3.jar, /Users/nahima/.m2/repository/org/springframework/boot/spring-boot-starter-jdbc/3.4.4/spring-boot-starter-jdbc-3.4.4.jar, /Users/nahima/.m2/repository/com/zaxxer/HikariCP/5.1.0/HikariCP-5.1.0.jar, /Users/nahima/.m2/repository/org/springframework/spring-jdbc/6.2.5/spring-jdbc-6.2.5.jar, /Users/nahima/.m2/repository/org/hibernate/orm/hibernate-core/6.6.11.Final/hibernate-core-6.6.11.Final.jar, /Users/nahima/.m2/repository/jakarta/persistence/jakarta.persistence-api/3.1.0/jakarta.persistence-api-3.1.0.jar, /Users/nahima/.m2/repository/jakarta/transaction/jakarta.transaction-api/2.0.1/jakarta.transaction-api-2.0.1.jar, /Users/nahima/.m2/repository/org/jboss/logging/jboss-logging/3.6.1.Final/jboss-logging-3.6.1.Final.jar, /Users/nahima/.m2/repository/com/fasterxml/classmate/1.7.0/classmate-1.7.0.jar, /Users/nahima/.m2/repository/org/antlr/antlr4-runtime/4.13.0/antlr4-runtime-4.13.0.jar, /Users/nahima/.m2/repository/org/springframework/data/spring-data-jpa/3.4.4/spring-data-jpa-3.4.4.jar, /Users/nahima/.m2/repository/org/springframework/data/spring-data-commons/3.4.4/spring-data-commons-3.4.4.jar, /Users/nahima/.m2/repository/org/springframework/spring-orm/6.2.5/spring-orm-6.2.5.jar, /Users/nahima/.m2/repository/org/springframework/spring-context/6.2.5/spring-context-6.2.5.jar, /Users/nahima/.m2/repository/org/springframework/spring-tx/6.2.5/spring-tx-6.2.5.jar, /Users/nahima/.m2/repository/org/springframework/spring-beans/6.2.5/spring-beans-6.2.5.jar, /Users/nahima/.m2/repository/org/springframework/spring-aspects/6.2.5/spring-aspects-6.2.5.jar, /Users/nahima/.m2/repository/org/aspectj/aspectjweaver/1.9.23/aspectjweaver-1.9.23.jar, /Users/nahima/.m2/repository/org/springframework/boot/spring-boot-starter-validation/3.4.4/spring-boot-starter-validation-3.4.4.jar, /Users/nahima/.m2/repository/org/apache/tomcat/embed/tomcat-embed-el/10.1.39/tomcat-embed-el-10.1.39.jar, /Users/nahima/.m2/repository/org/hibernate/validator/hibernate-validator/8.0.2.Final/hibernate-validator-8.0.2.Final.jar, /Users/nahima/.m2/repository/jakarta/validation/jakarta.validation-api/3.0.2/jakarta.validation-api-3.0.2.jar, /Users/nahima/.m2/repository/org/springframework/boot/spring-boot-starter-web/3.4.4/spring-boot-starter-web-3.4.4.jar, /Users/nahima/.m2/repository/org/springframework/boot/spring-boot-starter-json/3.4.4/spring-boot-starter-json-3.4.4.jar, /Users/nahima/.m2/repository/com/fasterxml/jackson/datatype/jackson-datatype-jdk8/2.18.3/jackson-datatype-jdk8-2.18.3.jar, /Users/nahima/.m2/repository/com/fasterxml/jackson/datatype/jackson-datatype-jsr310/2.18.3/jackson-datatype-jsr310-2.18.3.jar, /Users/nahima/.m2/repository/com/fasterxml/jackson/module/jackson-module-parameter-names/2.18.3/jackson-module-parameter-names-2.18.3.jar, /Users/nahima/.m2/repository/org/springframework/boot/spring-boot-starter-tomcat/3.4.4/spring-boot-starter-tomcat-3.4.4.jar, /Users/nahima/.m2/repository/org/apache/tomcat/embed/tomcat-embed-core/10.1.39/tomcat-embed-core-10.1.39.jar, /Users/nahima/.m2/repository/org/apache/tomcat/embed/tomcat-embed-websocket/10.1.39/tomcat-embed-websocket-10.1.39.jar, /Users/nahima/.m2/repository/org/springframework/spring-web/6.2.5/spring-web-6.2.5.jar, /Users/nahima/.m2/repository/io/micrometer/micrometer-observation/1.14.5/micrometer-observation-1.14.5.jar, /Users/nahima/.m2/repository/io/micrometer/micrometer-commons/1.14.5/micrometer-commons-1.14.5.jar, /Users/nahima/.m2/repository/org/springframework/spring-webmvc/6.2.5/spring-webmvc-6.2.5.jar, /Users/nahima/.m2/repository/org/springframework/spring-expression/6.2.5/spring-expression-6.2.5.jar, /Users/nahima/.m2/repository/org/springframework/boot/spring-boot-starter-security/3.4.4/spring-boot-starter-security-3.4.4.jar, /Users/nahima/.m2/repository/org/springframework/spring-aop/6.2.5/spring-aop-6.2.5.jar, /Users/nahima/.m2/repository/org/springframework/security/spring-security-config/6.4.4/spring-security-config-6.4.4.jar, /Users/nahima/.m2/repository/org/springframework/security/spring-security-web/6.4.4/spring-security-web-6.4.4.jar, /Users/nahima/.m2/repository/org/springframework/boot/spring-boot/3.4.4/spring-boot-3.4.4.jar, /Users/nahima/.m2/repository/org/springframework/boot/spring-boot-autoconfigure/3.4.4/spring-boot-autoconfigure-3.4.4.jar, /Users/nahima/.m2/repository/org/postgresql/postgresql/42.7.3/postgresql-42.7.3.jar, /Users/nahima/.m2/repository/jakarta/xml/bind/jakarta.xml.bind-api/4.0.2/jakarta.xml.bind-api-4.0.2.jar, /Users/nahima/.m2/repository/jakarta/activation/jakarta.activation-api/2.1.3/jakarta.activation-api-2.1.3.jar, /Users/nahima/.m2/repository/org/springframework/spring-core/6.2.5/spring-core-6.2.5.jar, /Users/nahima/.m2/repository/org/springframework/spring-jcl/6.2.5/spring-jcl-6.2.5.jar, /Users/nahima/.m2/repository/org/springframework/security/spring-security-core/6.4.4/spring-security-core-6.4.4.jar, /Users/nahima/.m2/repository/org/springframework/security/spring-security-crypto/6.4.4/spring-security-crypto-6.4.4.jar, /Users/nahima/.m2/repository/org/mapstruct/mapstruct/1.6.3/mapstruct-1.6.3.jar, /Users/nahima/.m2/repository/org/projectlombok/lombok/1.18.36/lombok-1.18.36.jar, /Users/nahima/.m2/repository/me/paulschwarz/spring-dotenv/4.0.0/spring-dotenv-4.0.0.jar, /Users/nahima/.m2/repository/io/jsonwebtoken/jjwt-api/0.11.5/jjwt-api-0.11.5.jar, /Users/nahima/.m2/repository/com/fasterxml/jackson/core/jackson-databind/2.18.3/jackson-databind-2.18.3.jar, /Users/nahima/.m2/repository/com/sendgrid/sendgrid-java/4.9.3/sendgrid-java-4.9.3.jar, /Users/nahima/.m2/repository/com/sendgrid/java-http-client/4.5.0/java-http-client-4.5.0.jar, /Users/nahima/.m2/repository/org/apache/httpcomponents/httpcore/4.4.16/httpcore-4.4.16.jar, /Users/nahima/.m2/repository/org/apache/httpcomponents/httpclient/4.5.13/httpclient-4.5.13.jar, /Users/nahima/.m2/repository/commons-logging/commons-logging/1.2/commons-logging-1.2.jar, /Users/nahima/.m2/repository/commons-codec/commons-codec/1.17.2/commons-codec-1.17.2.jar, /Users/nahima/.m2/repository/com/fasterxml/jackson/core/jackson-core/2.18.3/jackson-core-2.18.3.jar, /Users/nahima/.m2/repository/com/fasterxml/jackson/core/jackson-annotations/2.18.3/jackson-annotations-2.18.3.jar, /Users/nahima/.m2/repository/org/bouncycastle/bcprov-jdk15on/1.70/bcprov-jdk15on-1.70.jar, /Users/nahima/.m2/repository/org/springframework/boot/spring-boot-starter-data-redis/3.4.4/spring-boot-starter-data-redis-3.4.4.jar, /Users/nahima/.m2/repository/io/lettuce/lettuce-core/6.4.2.RELEASE/lettuce-core-6.4.2.RELEASE.jar, /Users/nahima/.m2/repository/io/netty/netty-common/4.1.119.Final/netty-common-4.1.119.Final.jar, /Users/nahima/.m2/repository/io/netty/netty-handler/4.1.119.Final/netty-handler-4.1.119.Final.jar, /Users/nahima/.m2/repository/io/netty/netty-resolver/4.1.119.Final/netty-resolver-4.1.119.Final.jar, /Users/nahima/.m2/repository/io/netty/netty-buffer/4.1.119.Final/netty-buffer-4.1.119.Final.jar, /Users/nahima/.m2/repository/io/netty/netty-transport-native-unix-common/4.1.119.Final/netty-transport-native-unix-common-4.1.119.Final.jar, /Users/nahima/.m2/repository/io/netty/netty-codec/4.1.119.Final/netty-codec-4.1.119.Final.jar, /Users/nahima/.m2/repository/io/netty/netty-transport/4.1.119.Final/netty-transport-4.1.119.Final.jar, /Users/nahima/.m2/repository/io/projectreactor/reactor-core/3.7.4/reactor-core-3.7.4.jar, /Users/nahima/.m2/repository/org/reactivestreams/reactive-streams/1.0.4/reactive-streams-1.0.4.jar, /Users/nahima/.m2/repository/org/springframework/data/spring-data-redis/3.4.4/spring-data-redis-3.4.4.jar, /Users/nahima/.m2/repository/org/springframework/data/spring-data-keyvalue/3.4.4/spring-data-keyvalue-3.4.4.jar, /Users/nahima/.m2/repository/org/springframework/spring-oxm/6.2.5/spring-oxm-6.2.5.jar, /Users/nahima/.m2/repository/org/springframework/spring-context-support/6.2.5/spring-context-support-6.2.5.jar, /Users/nahima/.m2/repository/org/springdoc/springdoc-openapi-starter-webmvc-ui/2.8.9/springdoc-openapi-starter-webmvc-ui-2.8.9.jar, /Users/nahima/.m2/repository/org/springdoc/springdoc-openapi-starter-webmvc-api/2.8.9/springdoc-openapi-starter-webmvc-api-2.8.9.jar, /Users/nahima/.m2/repository/org/springdoc/springdoc-openapi-starter-common/2.8.9/springdoc-openapi-starter-common-2.8.9.jar, /Users/nahima/.m2/repository/io/swagger/core/v3/swagger-core-jakarta/2.2.30/swagger-core-jakarta-2.2.30.jar, /Users/nahima/.m2/repository/org/apache/commons/commons-lang3/3.17.0/commons-lang3-3.17.0.jar, /Users/nahima/.m2/repository/io/swagger/core/v3/swagger-annotations-jakarta/2.2.30/swagger-annotations-jakarta-2.2.30.jar, /Users/nahima/.m2/repository/io/swagger/core/v3/swagger-models-jakarta/2.2.30/swagger-models-jakarta-2.2.30.jar, /Users/nahima/.m2/repository/com/fasterxml/jackson/dataformat/jackson-dataformat-yaml/2.18.3/jackson-dataformat-yaml-2.18.3.jar, /Users/nahima/.m2/repository/org/webjars/swagger-ui/5.21.0/swagger-ui-5.21.0.jar, /Users/nahima/.m2/repository/org/webjars/webjars-locator-lite/1.0.1/webjars-locator-lite-1.0.1.jar, /Users/nahima/.m2/repository/org/jspecify/jspecify/1.0.0/jspecify-1.0.0.jar, /Users/nahima/.m2/repository/io/hypersistence/hypersistence-utils-hibernate-60/3.7.1/hypersistence-utils-hibernate-60-3.7.1.jar, /Users/nahima/.m2/repository/javax/xml/bind/jaxb-api/2.3.0/jaxb-api-2.3.0.jar, /Users/nahima/.m2/repository/io/hypersistence/hypersistence-tsid/2.1.1/hypersistence-tsid-2.1.1.jar, /Users/nahima/.m2/repository/org/apache/tika/tika-core/3.2.1/tika-core-3.2.1.jar, /Users/nahima/.m2/repository/org/slf4j/slf4j-api/2.0.17/slf4j-api-2.0.17.jar, /Users/nahima/.m2/repository/commons-io/commons-io/2.19.0/commons-io-2.19.0.jar, /Users/nahima/.m2/repository/net/coobird/thumbnailator/0.4.20/thumbnailator-0.4.20.jar, /Users/nahima/.m2/repository/org/apache/logging/log4j/log4j-api/2.23.1/log4j-api-2.23.1.jar]
[DEBUG]   (f) compileSourceRoots = [/Users/nahima/Dev/Elec_business_spring/src/main/java]
[DEBUG]   (f) compilerArgs = [--enable-preview, -parameters]
[DEBUG]   (f) compilerId = javac
[DEBUG]   (f) createMissingPackageInfoClass = true
[DEBUG]   (f) debug = true
[DEBUG]   (f) debugFileName = javac
[DEBUG]   (f) enablePreview = false
[DEBUG]   (f) encoding = UTF-8
[DEBUG]   (f) failOnError = true
[DEBUG]   (f) failOnWarning = false
[DEBUG]   (f) forceJavacCompilerUse = false
[DEBUG]   (f) fork = false
[DEBUG]   (f) generatedSourcesDirectory = /Users/nahima/Dev/Elec_business_spring/target/generated-sources/annotations
[DEBUG]   (f) mojoExecution = org.apache.maven.plugins:maven-compiler-plugin:3.10.1:compile {execution: default-compile}
[DEBUG]   (f) optimize = false
[DEBUG]   (f) outputDirectory = /Users/nahima/Dev/Elec_business_spring/target/classes
[DEBUG]   (f) parameters = true
[DEBUG]   (f) project = MavenProject: com.elec_business:elec_business:0.0.1-SNAPSHOT @ /Users/nahima/Dev/Elec_business_spring/pom.xml
[DEBUG]   (f) projectArtifact = com.elec_business:elec_business:jar:0.0.1-SNAPSHOT
[DEBUG]   (s) release = 21
[DEBUG]   (f) session = org.apache.maven.execution.MavenSession@404eca05
[DEBUG]   (f) showDeprecation = false
[DEBUG]   (f) showWarnings = false
[DEBUG]   (f) skipMultiThreadWarning = false
[DEBUG]   (f) source = 21
[DEBUG]   (f) staleMillis = 0
[DEBUG]   (s) target = 21
[DEBUG]   (f) useIncrementalCompilation = true
[DEBUG]   (f) verbose = false
[DEBUG] -- end configuration --
[DEBUG] Using compiler 'javac'.
[DEBUG] Adding /Users/nahima/Dev/Elec_business_spring/target/generated-sources/annotations to compile source roots:
  /Users/nahima/Dev/Elec_business_spring/src/main/java
[DEBUG] New compile source roots:
  /Users/nahima/Dev/Elec_business_spring/src/main/java
  /Users/nahima/Dev/Elec_business_spring/target/generated-sources/annotations
[DEBUG] CompilerReuseStrategy: reuseCreated
[DEBUG] useIncrementalCompilation enabled
[DEBUG] Stale source detected: /Users/nahima/Dev/Elec_business_spring/src/main/java/com/elec_business/service/impl/AuthServiceImpl.java
[DEBUG] Stale source detected: /Users/nahima/Dev/Elec_business_spring/src/main/java/com/elec_business/business/AvailabilityRuleBusiness.java
[DEBUG] Stale source detected: /Users/nahima/Dev/Elec_business_spring/src/main/java/com/elec_business/business/eventlistener/BookingRejectedEvent.java
[DEBUG] Stale source detected: /Users/nahima/Dev/Elec_business_spring/src/main/java/com/elec_business/controller/dto/LocationDTO.java
[DEBUG] Stale source detected: /Users/nahima/Dev/Elec_business_spring/src/main/java/com/elec_business/security/SecurityConfig.java
[DEBUG] Stale source detected: /Users/nahima/Dev/Elec_business_spring/src/main/java/com/elec_business/entity/AvailabilityRule.java
[DEBUG] Stale source detected: /Users/nahima/Dev/Elec_business_spring/src/main/java/com/elec_business/entity/UserRole.java
[DEBUG] Stale source detected: /Users/nahima/Dev/Elec_business_spring/src/main/java/com/elec_business/controller/ReviewController.java
[DEBUG] Stale source detected: /Users/nahima/Dev/Elec_business_spring/src/main/java/com/elec_business/service/impl/TokenPair.java
[DEBUG] Stale source detected: /Users/nahima/Dev/Elec_business_spring/target/generated-sources/annotations/com/elec_business/controller/mapper/TimeSlotMapperImpl.java
[DEBUG] Stale source detected: /Users/nahima/Dev/Elec_business_spring/src/main/java/com/elec_business/service/AuthService.java
[DEBUG] Stale source detected: /Users/nahima/Dev/Elec_business_spring/src/main/java/com/elec_business/config/BookingStatusSeeder.java
[DEBUG] Stale source detected: /Users/nahima/Dev/Elec_business_spring/src/main/java/com/elec_business/controller/dto/ChargingLocationRequestDto.java
[DEBUG] Stale source detected: /Users/nahima/Dev/Elec_business_spring/src/main/java/com/elec_business/controller/dto/CreateReviewDTO.java
[DEBUG] Stale source detected: /Users/nahima/Dev/Elec_business_spring/src/main/java/com/elec_business/controller/dto/AverageRatingDTO.java
[DEBUG] Stale source detected: /Users/nahima/Dev/Elec_business_spring/src/main/java/com/elec_business/controller/dto/LoginCredentialsDTO.java
[DEBUG] Stale source detected: /Users/nahima/Dev/Elec_business_spring/src/main/java/com/elec_business/service/AsyncConfig.java
[DEBUG] Stale source detected: /Users/nahima/Dev/Elec_business_spring/src/main/java/com/elec_business/business/ChargingLocationBusiness.java
[DEBUG] Stale source detected: /Users/nahima/Dev/Elec_business_spring/src/main/java/com/elec_business/security/jwt/JwtAuthFilter.java
[DEBUG] Stale source detected: /Users/nahima/Dev/Elec_business_spring/src/main/java/com/elec_business/business/exception/BookingNotFoundException.java
[DEBUG] Stale source detected: /Users/nahima/Dev/Elec_business_spring/src/main/java/com/elec_business/business/impl/AvailabilityRuleBusinessImpl.java
[DEBUG] Stale source detected: /Users/nahima/Dev/Elec_business_spring/src/main/java/com/elec_business/business/impl/BookingBusinessImpl.java
[DEBUG] Stale source detected: /Users/nahima/Dev/Elec_business_spring/src/main/java/com/elec_business/business/exception/BusinessException.java
[DEBUG] Stale source detected: /Users/nahima/Dev/Elec_business_spring/src/main/java/com/elec_business/repository/AvailabilityRuleRepository.java
[DEBUG] Stale source detected: /Users/nahima/Dev/Elec_business_spring/src/main/java/com/elec_business/controller/ChargingLocationController.java
[DEBUG] Stale source detected: /Users/nahima/Dev/Elec_business_spring/src/main/java/com/elec_business/controller/dto/BookingResponseDto.java
[DEBUG] Stale source detected: /Users/nahima/Dev/Elec_business_spring/src/main/java/com/elec_business/repository/UserRepository.java
[DEBUG] Stale source detected: /Users/nahima/Dev/Elec_business_spring/src/main/java/com/elec_business/controller/dto/UserProfileDto.java
[DEBUG] Stale source detected: /Users/nahima/Dev/Elec_business_spring/src/main/java/com/elec_business/controller/mapper/UserMapper.java
[DEBUG] Stale source detected: /Users/nahima/Dev/Elec_business_spring/src/main/java/com/elec_business/business/NotificationBusiness.java
[DEBUG] Stale source detected: /Users/nahima/Dev/Elec_business_spring/src/main/java/com/elec_business/controller/mapper/TimeSlotResponseMapper.java
[DEBUG] Stale source detected: /Users/nahima/Dev/Elec_business_spring/src/main/java/com/elec_business/controller/mapper/ChargingLocationMapper.java
[DEBUG] Stale source detected: /Users/nahima/Dev/Elec_business_spring/src/main/java/com/elec_business/controller/dto/AvailabilityRuleDto.java
[DEBUG] Stale source detected: /Users/nahima/Dev/Elec_business_spring/src/main/java/com/elec_business/entity/Booking.java
[DEBUG] Stale source detected: /Users/nahima/Dev/Elec_business_spring/src/main/java/com/elec_business/service/RedisConfig.java
[DEBUG] Stale source detected: /Users/nahima/Dev/Elec_business_spring/src/main/java/com/elec_business/exception/GlobalExceptionHandler.java
[DEBUG] Stale source detected: /Users/nahima/Dev/Elec_business_spring/src/main/java/com/elec_business/service/UrlBuilder.java
[DEBUG] Stale source detected: /Users/nahima/Dev/Elec_business_spring/src/main/java/com/elec_business/business/scheduler/AvailabilityScheduler.java
[DEBUG] Stale source detected: /Users/nahima/Dev/Elec_business_spring/src/main/java/com/elec_business/business/BookingBusiness.java
[DEBUG] Stale source detected: /Users/nahima/Dev/Elec_business_spring/src/main/java/com/elec_business/controller/dto/BookingRequestDto.java
[DEBUG] Stale source detected: /Users/nahima/Dev/Elec_business_spring/src/main/java/com/elec_business/repository/RefreshTokenRepository.java
[DEBUG] Stale source detected: /Users/nahima/Dev/Elec_business_spring/src/main/java/com/elec_business/repository/BookingRepository.java
[DEBUG] Stale source detected: /Users/nahima/Dev/Elec_business_spring/src/main/java/com/elec_business/controller/mapper/AvailabilityRuleMapper.java
[DEBUG] Stale source detected: /Users/nahima/Dev/Elec_business_spring/src/main/java/com/elec_business/service/exception/EmailNotSentException.java
[DEBUG] Stale source detected: /Users/nahima/Dev/Elec_business_spring/src/main/java/com/elec_business/business/eventlistener/BookingNotificationListener.java
[DEBUG] Stale source detected: /Users/nahima/Dev/Elec_business_spring/src/main/java/com/elec_business/service/exception/EmailNotVerifiedException.java
[DEBUG] Stale source detected: /Users/nahima/Dev/Elec_business_spring/src/main/java/com/elec_business/business/impl/UserRoleBusinessImpl.java
[DEBUG] Stale source detected: /Users/nahima/Dev/Elec_business_spring/src/main/java/com/elec_business/controller/dto/RegistrationResponseDto.java
[DEBUG] Stale source detected: /Users/nahima/Dev/Elec_business_spring/target/generated-sources/annotations/com/elec_business/controller/mapper/AvailabilityRuleMapperImpl.java
[DEBUG] Stale source detected: /Users/nahima/Dev/Elec_business_spring/src/main/java/com/elec_business/business/impl/ChargingStationBusinessImpl.java
[DEBUG] Stale source detected: /Users/nahima/Dev/Elec_business_spring/src/main/java/com/elec_business/controller/mapper/ChargingStationMapper.java
[DEBUG] Stale source detected: /Users/nahima/Dev/Elec_business_spring/src/main/java/com/elec_business/controller/BookingController.java
[DEBUG] Stale source detected: /Users/nahima/Dev/Elec_business_spring/src/main/java/com/elec_business/entity/ChargingLocation.java
[DEBUG] Stale source detected: /Users/nahima/Dev/Elec_business_spring/src/main/java/com/elec_business/service/impl/UserRegistrationServiceImpl.java
[DEBUG] Stale source detected: /Users/nahima/Dev/Elec_business_spring/src/main/java/com/elec_business/controller/AuthController.java
[DEBUG] Stale source detected: /Users/nahima/Dev/Elec_business_spring/src/main/java/com/elec_business/controller/dto/RegistrationDto.java
[DEBUG] Stale source detected: /Users/nahima/Dev/Elec_business_spring/src/main/java/com/elec_business/StaticResourcesConfig.java
[DEBUG] Stale source detected: /Users/nahima/Dev/Elec_business_spring/target/generated-sources/annotations/com/elec_business/controller/mapper/ChargingLocationMapperImpl.java
[DEBUG] Stale source detected: /Users/nahima/Dev/Elec_business_spring/target/generated-sources/annotations/com/elec_business/controller/mapper/TimeSlotResponseMapperImpl.java
[DEBUG] Stale source detected: /Users/nahima/Dev/Elec_business_spring/src/main/java/com/elec_business/controller/dto/ChargingLocationResponseDto.java
[DEBUG] Stale source detected: /Users/nahima/Dev/Elec_business_spring/target/generated-sources/annotations/com/elec_business/controller/mapper/ChargingStationMapperImpl.java
[DEBUG] Stale source detected: /Users/nahima/Dev/Elec_business_spring/src/main/java/com/elec_business/security/CustomUserDetailsService.java
[DEBUG] Stale source detected: /Users/nahima/Dev/Elec_business_spring/src/main/java/com/elec_business/entity/BillingAddress.java
[DEBUG] Stale source detected: /Users/nahima/Dev/Elec_business_spring/src/main/java/com/elec_business/controller/AvailabilityRuleController.java
[DEBUG] Stale source detected: /Users/nahima/Dev/Elec_business_spring/src/main/java/com/elec_business/controller/dto/LoginResponseDTO.java
[DEBUG] Stale source detected: /Users/nahima/Dev/Elec_business_spring/src/main/java/com/elec_business/repository/ReviewRepository.java
[DEBUG] Stale source detected: /Users/nahima/Dev/Elec_business_spring/src/main/java/com/elec_business/controller/mapper/TimeSlotMapper.java
[DEBUG] Stale source detected: /Users/nahima/Dev/Elec_business_spring/src/main/java/com/elec_business/security/jwt/JwtUtil.java
[DEBUG] Stale source detected: /Users/nahima/Dev/Elec_business_spring/src/main/java/com/elec_business/business/ReviewBusiness.java
[DEBUG] Stale source detected: /Users/nahima/Dev/Elec_business_spring/src/main/java/com/elec_business/service/impl/EmailVerificationServiceImpl.java
[DEBUG] Stale source detected: /Users/nahima/Dev/Elec_business_spring/src/main/java/com/elec_business/repository/BookingStatusRepository.java
[DEBUG] Stale source detected: /Users/nahima/Dev/Elec_business_spring/src/main/java/com/elec_business/business/eventlistener/BookingAcceptedEvent.java
[DEBUG] Stale source detected: /Users/nahima/Dev/Elec_business_spring/src/main/java/com/elec_business/business/ChargingStationBusiness.java
[DEBUG] Stale source detected: /Users/nahima/Dev/Elec_business_spring/src/main/java/com/elec_business/controller/dto/ChargingStationResponseDto.java
[DEBUG] Stale source detected: /Users/nahima/Dev/Elec_business_spring/src/main/java/com/elec_business/controller/mapper/BookingMapper.java
[DEBUG] Stale source detected: /Users/nahima/Dev/Elec_business_spring/src/main/java/com/elec_business/entity/SpatialRefSy.java
[DEBUG] Stale source detected: /Users/nahima/Dev/Elec_business_spring/src/main/java/com/elec_business/business/exception/AccessDeniedBookingException.java
[DEBUG] Stale source detected: /Users/nahima/Dev/Elec_business_spring/src/main/java/com/elec_business/entity/User.java
[DEBUG] Stale source detected: /Users/nahima/Dev/Elec_business_spring/src/main/java/com/elec_business/controller/dto/TimeSlotResponseDto.java
[DEBUG] Stale source detected: /Users/nahima/Dev/Elec_business_spring/src/main/java/com/elec_business/repository/UserRoleRepository.java
[DEBUG] Stale source detected: /Users/nahima/Dev/Elec_business_spring/src/main/java/com/elec_business/entity/BookingStatus.java
[DEBUG] Stale source detected: /Users/nahima/Dev/Elec_business_spring/src/main/java/com/elec_business/business/impl/ReviewBusinessImpl.java
[DEBUG] Stale source detected: /Users/nahima/Dev/Elec_business_spring/src/main/java/com/elec_business/repository/NotificationRepository.java
[DEBUG] Stale source detected: /Users/nahima/Dev/Elec_business_spring/src/main/java/com/elec_business/entity/RefreshToken.java
[DEBUG] Stale source detected: /Users/nahima/Dev/Elec_business_spring/src/main/java/com/elec_business/business/UserRoleBusiness.java
[DEBUG] Stale source detected: /Users/nahima/Dev/Elec_business_spring/src/main/java/com/elec_business/service/FileStorageService.java
[DEBUG] Stale source detected: /Users/nahima/Dev/Elec_business_spring/src/main/java/com/elec_business/controller/dto/ChargingStationUpdateRequestDto.java
[DEBUG] Stale source detected: /Users/nahima/Dev/Elec_business_spring/src/main/java/com/elec_business/controller/mapper/ReviewMapper.java
[DEBUG] Stale source detected: /Users/nahima/Dev/Elec_business_spring/src/main/java/com/elec_business/business/exception/InvalidBookingDurationException.java
[DEBUG] Stale source detected: /Users/nahima/Dev/Elec_business_spring/src/main/java/com/elec_business/controller/TimeSlotController.java
[DEBUG] Stale source detected: /Users/nahima/Dev/Elec_business_spring/src/main/java/com/elec_business/controller/ChargingStationController.java
[DEBUG] Stale source detected: /Users/nahima/Dev/Elec_business_spring/src/main/java/com/elec_business/repository/TimeSlotRepository.java
[DEBUG] Stale source detected: /Users/nahima/Dev/Elec_business_spring/src/main/java/com/elec_business/entity/BookingStatusType.java
[DEBUG] Stale source detected: /Users/nahima/Dev/Elec_business_spring/src/main/java/com/elec_business/service/impl/UserProfileServiceImpl.java
[DEBUG] Stale source detected: /Users/nahima/Dev/Elec_business_spring/src/main/java/com/elec_business/service/UserRegistrationService.java
[DEBUG] Stale source detected: /Users/nahima/Dev/Elec_business_spring/src/main/java/com/elec_business/business/impl/NotificationBusinessImpl.java
[DEBUG] Stale source detected: /Users/nahima/Dev/Elec_business_spring/src/main/java/com/elec_business/controller/dto/TimeSlotRequestDto.java
[DEBUG] Stale source detected: /Users/nahima/Dev/Elec_business_spring/src/main/java/com/elec_business/config/SwaggerConfig.java
[DEBUG] Stale source detected: /Users/nahima/Dev/Elec_business_spring/src/main/java/com/elec_business/repository/ChargingStationRepository.java
[DEBUG] Stale source detected: /Users/nahima/Dev/Elec_business_spring/src/main/java/com/elec_business/business/impl/ChargingLocationBusinessImpl.java
[DEBUG] Stale source detected: /Users/nahima/Dev/Elec_business_spring/src/main/java/com/elec_business/controller/dto/UserRegisterDto.java
[DEBUG] Stale source detected: /Users/nahima/Dev/Elec_business_spring/src/main/java/com/elec_business/controller/dto/ChargingStationRequestDto.java
[DEBUG] Stale source detected: /Users/nahima/Dev/Elec_business_spring/src/main/java/com/elec_business/controller/UserController.java
[DEBUG] Stale source detected: /Users/nahima/Dev/Elec_business_spring/src/main/java/com/elec_business/controller/dto/UserRoleDTO.java
[DEBUG] Stale source detected: /Users/nahima/Dev/Elec_business_spring/src/main/java/com/elec_business/security/jwt/AuthEntryPointJwt.java
[DEBUG] Stale source detected: /Users/nahima/Dev/Elec_business_spring/src/main/java/com/elec_business/entity/TimeSlot.java
[DEBUG] Stale source detected: /Users/nahima/Dev/Elec_business_spring/src/main/java/com/elec_business/repository/ChargingLocationRepository.java
[DEBUG] Stale source detected: /Users/nahima/Dev/Elec_business_spring/src/main/java/com/elec_business/entity/ChargingStation.java
[DEBUG] Stale source detected: /Users/nahima/Dev/Elec_business_spring/src/main/java/com/elec_business/service/EmailVerificationService.java
[DEBUG] Stale source detected: /Users/nahima/Dev/Elec_business_spring/src/main/java/com/elec_business/business/impl/TimeSlotBusinessImpl.java
[DEBUG] Stale source detected: /Users/nahima/Dev/Elec_business_spring/src/main/java/com/elec_business/service/OtpService.java
[DEBUG] Stale source detected: /Users/nahima/Dev/Elec_business_spring/src/main/java/com/elec_business/controller/dto/ReviewResponseDTO.java
[DEBUG] Stale source detected: /Users/nahima/Dev/Elec_business_spring/src/main/java/com/elec_business/ElecBusinessApplication.java
[DEBUG] Stale source detected: /Users/nahima/Dev/Elec_business_spring/src/main/java/com/elec_business/repository/specification/TimeSlotSpecification.java
[DEBUG] Stale source detected: /Users/nahima/Dev/Elec_business_spring/src/main/java/com/elec_business/controller/dto/UserDTO.java
[DEBUG] Stale source detected: /Users/nahima/Dev/Elec_business_spring/src/main/java/com/elec_business/business/exception/AccessDeniedStationException.java
[DEBUG] Stale source detected: /Users/nahima/Dev/Elec_business_spring/src/main/java/com/elec_business/entity/Notification.java
[DEBUG] Stale source detected: /Users/nahima/Dev/Elec_business_spring/src/main/java/com/elec_business/entity/Review.java
[DEBUG] Stale source detected: /Users/nahima/Dev/Elec_business_spring/src/main/java/com/elec_business/business/TimeSlotBusiness.java
[INFO] Changes detected - recompiling the module!
[DEBUG] Classpath:
[DEBUG]  /Users/nahima/Dev/Elec_business_spring/target/classes
[DEBUG]  /Users/nahima/.m2/repository/org/springframework/boot/spring-boot-starter-data-jpa/3.4.4/spring-boot-starter-data-jpa-3.4.4.jar
[DEBUG]  /Users/nahima/.m2/repository/org/springframework/boot/spring-boot-starter/3.4.4/spring-boot-starter-3.4.4.jar
[DEBUG]  /Users/nahima/.m2/repository/org/springframework/boot/spring-boot-starter-logging/3.4.4/spring-boot-starter-logging-3.4.4.jar
[DEBUG]  /Users/nahima/.m2/repository/ch/qos/logback/logback-classic/1.5.18/logback-classic-1.5.18.jar
[DEBUG]  /Users/nahima/.m2/repository/ch/qos/logback/logback-core/1.5.18/logback-core-1.5.18.jar
[DEBUG]  /Users/nahima/.m2/repository/org/apache/logging/log4j/log4j-to-slf4j/2.24.3/log4j-to-slf4j-2.24.3.jar
[DEBUG]  /Users/nahima/.m2/repository/org/slf4j/jul-to-slf4j/2.0.17/jul-to-slf4j-2.0.17.jar
[DEBUG]  /Users/nahima/.m2/repository/jakarta/annotation/jakarta.annotation-api/2.1.1/jakarta.annotation-api-2.1.1.jar
[DEBUG]  /Users/nahima/.m2/repository/org/yaml/snakeyaml/2.3/snakeyaml-2.3.jar
[DEBUG]  /Users/nahima/.m2/repository/org/springframework/boot/spring-boot-starter-jdbc/3.4.4/spring-boot-starter-jdbc-3.4.4.jar
[DEBUG]  /Users/nahima/.m2/repository/com/zaxxer/HikariCP/5.1.0/HikariCP-5.1.0.jar
[DEBUG]  /Users/nahima/.m2/repository/org/springframework/spring-jdbc/6.2.5/spring-jdbc-6.2.5.jar
[DEBUG]  /Users/nahima/.m2/repository/org/hibernate/orm/hibernate-core/6.6.11.Final/hibernate-core-6.6.11.Final.jar
[DEBUG]  /Users/nahima/.m2/repository/jakarta/persistence/jakarta.persistence-api/3.1.0/jakarta.persistence-api-3.1.0.jar
[DEBUG]  /Users/nahima/.m2/repository/jakarta/transaction/jakarta.transaction-api/2.0.1/jakarta.transaction-api-2.0.1.jar
[DEBUG]  /Users/nahima/.m2/repository/org/jboss/logging/jboss-logging/3.6.1.Final/jboss-logging-3.6.1.Final.jar
[DEBUG]  /Users/nahima/.m2/repository/com/fasterxml/classmate/1.7.0/classmate-1.7.0.jar
[DEBUG]  /Users/nahima/.m2/repository/org/antlr/antlr4-runtime/4.13.0/antlr4-runtime-4.13.0.jar
[DEBUG]  /Users/nahima/.m2/repository/org/springframework/data/spring-data-jpa/3.4.4/spring-data-jpa-3.4.4.jar
[DEBUG]  /Users/nahima/.m2/repository/org/springframework/data/spring-data-commons/3.4.4/spring-data-commons-3.4.4.jar
[DEBUG]  /Users/nahima/.m2/repository/org/springframework/spring-orm/6.2.5/spring-orm-6.2.5.jar
[DEBUG]  /Users/nahima/.m2/repository/org/springframework/spring-context/6.2.5/spring-context-6.2.5.jar
[DEBUG]  /Users/nahima/.m2/repository/org/springframework/spring-tx/6.2.5/spring-tx-6.2.5.jar
[DEBUG]  /Users/nahima/.m2/repository/org/springframework/spring-beans/6.2.5/spring-beans-6.2.5.jar
[DEBUG]  /Users/nahima/.m2/repository/org/springframework/spring-aspects/6.2.5/spring-aspects-6.2.5.jar
[DEBUG]  /Users/nahima/.m2/repository/org/aspectj/aspectjweaver/1.9.23/aspectjweaver-1.9.23.jar
[DEBUG]  /Users/nahima/.m2/repository/org/springframework/boot/spring-boot-starter-validation/3.4.4/spring-boot-starter-validation-3.4.4.jar
[DEBUG]  /Users/nahima/.m2/repository/org/apache/tomcat/embed/tomcat-embed-el/10.1.39/tomcat-embed-el-10.1.39.jar
[DEBUG]  /Users/nahima/.m2/repository/org/hibernate/validator/hibernate-validator/8.0.2.Final/hibernate-validator-8.0.2.Final.jar
[DEBUG]  /Users/nahima/.m2/repository/jakarta/validation/jakarta.validation-api/3.0.2/jakarta.validation-api-3.0.2.jar
[DEBUG]  /Users/nahima/.m2/repository/org/springframework/boot/spring-boot-starter-web/3.4.4/spring-boot-starter-web-3.4.4.jar
[DEBUG]  /Users/nahima/.m2/repository/org/springframework/boot/spring-boot-starter-json/3.4.4/spring-boot-starter-json-3.4.4.jar
[DEBUG]  /Users/nahima/.m2/repository/com/fasterxml/jackson/datatype/jackson-datatype-jdk8/2.18.3/jackson-datatype-jdk8-2.18.3.jar
[DEBUG]  /Users/nahima/.m2/repository/com/fasterxml/jackson/datatype/jackson-datatype-jsr310/2.18.3/jackson-datatype-jsr310-2.18.3.jar
[DEBUG]  /Users/nahima/.m2/repository/com/fasterxml/jackson/module/jackson-module-parameter-names/2.18.3/jackson-module-parameter-names-2.18.3.jar
[DEBUG]  /Users/nahima/.m2/repository/org/springframework/boot/spring-boot-starter-tomcat/3.4.4/spring-boot-starter-tomcat-3.4.4.jar
[DEBUG]  /Users/nahima/.m2/repository/org/apache/tomcat/embed/tomcat-embed-core/10.1.39/tomcat-embed-core-10.1.39.jar
[DEBUG]  /Users/nahima/.m2/repository/org/apache/tomcat/embed/tomcat-embed-websocket/10.1.39/tomcat-embed-websocket-10.1.39.jar
[DEBUG]  /Users/nahima/.m2/repository/org/springframework/spring-web/6.2.5/spring-web-6.2.5.jar
[DEBUG]  /Users/nahima/.m2/repository/io/micrometer/micrometer-observation/1.14.5/micrometer-observation-1.14.5.jar
[DEBUG]  /Users/nahima/.m2/repository/io/micrometer/micrometer-commons/1.14.5/micrometer-commons-1.14.5.jar
[DEBUG]  /Users/nahima/.m2/repository/org/springframework/spring-webmvc/6.2.5/spring-webmvc-6.2.5.jar
[DEBUG]  /Users/nahima/.m2/repository/org/springframework/spring-expression/6.2.5/spring-expression-6.2.5.jar
[DEBUG]  /Users/nahima/.m2/repository/org/springframework/boot/spring-boot-starter-security/3.4.4/spring-boot-starter-security-3.4.4.jar
[DEBUG]  /Users/nahima/.m2/repository/org/springframework/spring-aop/6.2.5/spring-aop-6.2.5.jar
[DEBUG]  /Users/nahima/.m2/repository/org/springframework/security/spring-security-config/6.4.4/spring-security-config-6.4.4.jar
[DEBUG]  /Users/nahima/.m2/repository/org/springframework/security/spring-security-web/6.4.4/spring-security-web-6.4.4.jar
[DEBUG]  /Users/nahima/.m2/repository/org/springframework/boot/spring-boot/3.4.4/spring-boot-3.4.4.jar
[DEBUG]  /Users/nahima/.m2/repository/org/springframework/boot/spring-boot-autoconfigure/3.4.4/spring-boot-autoconfigure-3.4.4.jar
[DEBUG]  /Users/nahima/.m2/repository/org/postgresql/postgresql/42.7.3/postgresql-42.7.3.jar
[DEBUG]  /Users/nahima/.m2/repository/jakarta/xml/bind/jakarta.xml.bind-api/4.0.2/jakarta.xml.bind-api-4.0.2.jar
[DEBUG]  /Users/nahima/.m2/repository/jakarta/activation/jakarta.activation-api/2.1.3/jakarta.activation-api-2.1.3.jar
[DEBUG]  /Users/nahima/.m2/repository/org/springframework/spring-core/6.2.5/spring-core-6.2.5.jar
[DEBUG]  /Users/nahima/.m2/repository/org/springframework/spring-jcl/6.2.5/spring-jcl-6.2.5.jar
[DEBUG]  /Users/nahima/.m2/repository/org/springframework/security/spring-security-core/6.4.4/spring-security-core-6.4.4.jar
[DEBUG]  /Users/nahima/.m2/repository/org/springframework/security/spring-security-crypto/6.4.4/spring-security-crypto-6.4.4.jar
[DEBUG]  /Users/nahima/.m2/repository/org/mapstruct/mapstruct/1.6.3/mapstruct-1.6.3.jar
[DEBUG]  /Users/nahima/.m2/repository/org/projectlombok/lombok/1.18.36/lombok-1.18.36.jar
[DEBUG]  /Users/nahima/.m2/repository/me/paulschwarz/spring-dotenv/4.0.0/spring-dotenv-4.0.0.jar
[DEBUG]  /Users/nahima/.m2/repository/io/jsonwebtoken/jjwt-api/0.11.5/jjwt-api-0.11.5.jar
[DEBUG]  /Users/nahima/.m2/repository/com/fasterxml/jackson/core/jackson-databind/2.18.3/jackson-databind-2.18.3.jar
[DEBUG]  /Users/nahima/.m2/repository/com/sendgrid/sendgrid-java/4.9.3/sendgrid-java-4.9.3.jar
[DEBUG]  /Users/nahima/.m2/repository/com/sendgrid/java-http-client/4.5.0/java-http-client-4.5.0.jar
[DEBUG]  /Users/nahima/.m2/repository/org/apache/httpcomponents/httpcore/4.4.16/httpcore-4.4.16.jar
[DEBUG]  /Users/nahima/.m2/repository/org/apache/httpcomponents/httpclient/4.5.13/httpclient-4.5.13.jar
[DEBUG]  /Users/nahima/.m2/repository/commons-logging/commons-logging/1.2/commons-logging-1.2.jar
[DEBUG]  /Users/nahima/.m2/repository/commons-codec/commons-codec/1.17.2/commons-codec-1.17.2.jar
[DEBUG]  /Users/nahima/.m2/repository/com/fasterxml/jackson/core/jackson-core/2.18.3/jackson-core-2.18.3.jar
[DEBUG]  /Users/nahima/.m2/repository/com/fasterxml/jackson/core/jackson-annotations/2.18.3/jackson-annotations-2.18.3.jar
[DEBUG]  /Users/nahima/.m2/repository/org/bouncycastle/bcprov-jdk15on/1.70/bcprov-jdk15on-1.70.jar
[DEBUG]  /Users/nahima/.m2/repository/org/springframework/boot/spring-boot-starter-data-redis/3.4.4/spring-boot-starter-data-redis-3.4.4.jar
[DEBUG]  /Users/nahima/.m2/repository/io/lettuce/lettuce-core/6.4.2.RELEASE/lettuce-core-6.4.2.RELEASE.jar
[DEBUG]  /Users/nahima/.m2/repository/io/netty/netty-common/4.1.119.Final/netty-common-4.1.119.Final.jar
[DEBUG]  /Users/nahima/.m2/repository/io/netty/netty-handler/4.1.119.Final/netty-handler-4.1.119.Final.jar
[DEBUG]  /Users/nahima/.m2/repository/io/netty/netty-resolver/4.1.119.Final/netty-resolver-4.1.119.Final.jar
[DEBUG]  /Users/nahima/.m2/repository/io/netty/netty-buffer/4.1.119.Final/netty-buffer-4.1.119.Final.jar
[DEBUG]  /Users/nahima/.m2/repository/io/netty/netty-transport-native-unix-common/4.1.119.Final/netty-transport-native-unix-common-4.1.119.Final.jar
[DEBUG]  /Users/nahima/.m2/repository/io/netty/netty-codec/4.1.119.Final/netty-codec-4.1.119.Final.jar
[DEBUG]  /Users/nahima/.m2/repository/io/netty/netty-transport/4.1.119.Final/netty-transport-4.1.119.Final.jar
[DEBUG]  /Users/nahima/.m2/repository/io/projectreactor/reactor-core/3.7.4/reactor-core-3.7.4.jar
[DEBUG]  /Users/nahima/.m2/repository/org/reactivestreams/reactive-streams/1.0.4/reactive-streams-1.0.4.jar
[DEBUG]  /Users/nahima/.m2/repository/org/springframework/data/spring-data-redis/3.4.4/spring-data-redis-3.4.4.jar
[DEBUG]  /Users/nahima/.m2/repository/org/springframework/data/spring-data-keyvalue/3.4.4/spring-data-keyvalue-3.4.4.jar
[DEBUG]  /Users/nahima/.m2/repository/org/springframework/spring-oxm/6.2.5/spring-oxm-6.2.5.jar
[DEBUG]  /Users/nahima/.m2/repository/org/springframework/spring-context-support/6.2.5/spring-context-support-6.2.5.jar
[DEBUG]  /Users/nahima/.m2/repository/org/springdoc/springdoc-openapi-starter-webmvc-ui/2.8.9/springdoc-openapi-starter-webmvc-ui-2.8.9.jar
[DEBUG]  /Users/nahima/.m2/repository/org/springdoc/springdoc-openapi-starter-webmvc-api/2.8.9/springdoc-openapi-starter-webmvc-api-2.8.9.jar
[DEBUG]  /Users/nahima/.m2/repository/org/springdoc/springdoc-openapi-starter-common/2.8.9/springdoc-openapi-starter-common-2.8.9.jar
[DEBUG]  /Users/nahima/.m2/repository/io/swagger/core/v3/swagger-core-jakarta/2.2.30/swagger-core-jakarta-2.2.30.jar
[DEBUG]  /Users/nahima/.m2/repository/org/apache/commons/commons-lang3/3.17.0/commons-lang3-3.17.0.jar
[DEBUG]  /Users/nahima/.m2/repository/io/swagger/core/v3/swagger-annotations-jakarta/2.2.30/swagger-annotations-jakarta-2.2.30.jar
[DEBUG]  /Users/nahima/.m2/repository/io/swagger/core/v3/swagger-models-jakarta/2.2.30/swagger-models-jakarta-2.2.30.jar
[DEBUG]  /Users/nahima/.m2/repository/com/fasterxml/jackson/dataformat/jackson-dataformat-yaml/2.18.3/jackson-dataformat-yaml-2.18.3.jar
[DEBUG]  /Users/nahima/.m2/repository/org/webjars/swagger-ui/5.21.0/swagger-ui-5.21.0.jar
[DEBUG]  /Users/nahima/.m2/repository/org/webjars/webjars-locator-lite/1.0.1/webjars-locator-lite-1.0.1.jar
[DEBUG]  /Users/nahima/.m2/repository/org/jspecify/jspecify/1.0.0/jspecify-1.0.0.jar
[DEBUG]  /Users/nahima/.m2/repository/io/hypersistence/hypersistence-utils-hibernate-60/3.7.1/hypersistence-utils-hibernate-60-3.7.1.jar
[DEBUG]  /Users/nahima/.m2/repository/javax/xml/bind/jaxb-api/2.3.0/jaxb-api-2.3.0.jar
[DEBUG]  /Users/nahima/.m2/repository/io/hypersistence/hypersistence-tsid/2.1.1/hypersistence-tsid-2.1.1.jar
[DEBUG]  /Users/nahima/.m2/repository/org/apache/tika/tika-core/3.2.1/tika-core-3.2.1.jar
[DEBUG]  /Users/nahima/.m2/repository/org/slf4j/slf4j-api/2.0.17/slf4j-api-2.0.17.jar
[DEBUG]  /Users/nahima/.m2/repository/commons-io/commons-io/2.19.0/commons-io-2.19.0.jar
[DEBUG]  /Users/nahima/.m2/repository/net/coobird/thumbnailator/0.4.20/thumbnailator-0.4.20.jar
[DEBUG]  /Users/nahima/.m2/repository/org/apache/logging/log4j/log4j-api/2.23.1/log4j-api-2.23.1.jar
[DEBUG] Source roots:
[DEBUG]  /Users/nahima/Dev/Elec_business_spring/src/main/java
[DEBUG]  /Users/nahima/Dev/Elec_business_spring/target/generated-sources/annotations
[DEBUG] Command line options:
[DEBUG] -d /Users/nahima/Dev/Elec_business_spring/target/classes -classpath /Users/nahima/Dev/Elec_business_spring/target/classes:/Users/nahima/.m2/repository/org/springframework/boot/spring-boot-starter-data-jpa/3.4.4/spring-boot-starter-data-jpa-3.4.4.jar:/Users/nahima/.m2/repository/org/springframework/boot/spring-boot-starter/3.4.4/spring-boot-starter-3.4.4.jar:/Users/nahima/.m2/repository/org/springframework/boot/spring-boot-starter-logging/3.4.4/spring-boot-starter-logging-3.4.4.jar:/Users/nahima/.m2/repository/ch/qos/logback/logback-classic/1.5.18/logback-classic-1.5.18.jar:/Users/nahima/.m2/repository/ch/qos/logback/logback-core/1.5.18/logback-core-1.5.18.jar:/Users/nahima/.m2/repository/org/apache/logging/log4j/log4j-to-slf4j/2.24.3/log4j-to-slf4j-2.24.3.jar:/Users/nahima/.m2/repository/org/slf4j/jul-to-slf4j/2.0.17/jul-to-slf4j-2.0.17.jar:/Users/nahima/.m2/repository/jakarta/annotation/jakarta.annotation-api/2.1.1/jakarta.annotation-api-2.1.1.jar:/Users/nahima/.m2/repository/org/yaml/snakeyaml/2.3/snakeyaml-2.3.jar:/Users/nahima/.m2/repository/org/springframework/boot/spring-boot-starter-jdbc/3.4.4/spring-boot-starter-jdbc-3.4.4.jar:/Users/nahima/.m2/repository/com/zaxxer/HikariCP/5.1.0/HikariCP-5.1.0.jar:/Users/nahima/.m2/repository/org/springframework/spring-jdbc/6.2.5/spring-jdbc-6.2.5.jar:/Users/nahima/.m2/repository/org/hibernate/orm/hibernate-core/6.6.11.Final/hibernate-core-6.6.11.Final.jar:/Users/nahima/.m2/repository/jakarta/persistence/jakarta.persistence-api/3.1.0/jakarta.persistence-api-3.1.0.jar:/Users/nahima/.m2/repository/jakarta/transaction/jakarta.transaction-api/2.0.1/jakarta.transaction-api-2.0.1.jar:/Users/nahima/.m2/repository/org/jboss/logging/jboss-logging/3.6.1.Final/jboss-logging-3.6.1.Final.jar:/Users/nahima/.m2/repository/com/fasterxml/classmate/1.7.0/classmate-1.7.0.jar:/Users/nahima/.m2/repository/org/antlr/antlr4-runtime/4.13.0/antlr4-runtime-4.13.0.jar:/Users/nahima/.m2/repository/org/springframework/data/spring-data-jpa/3.4.4/spring-data-jpa-3.4.4.jar:/Users/nahima/.m2/repository/org/springframework/data/spring-data-commons/3.4.4/spring-data-commons-3.4.4.jar:/Users/nahima/.m2/repository/org/springframework/spring-orm/6.2.5/spring-orm-6.2.5.jar:/Users/nahima/.m2/repository/org/springframework/spring-context/6.2.5/spring-context-6.2.5.jar:/Users/nahima/.m2/repository/org/springframework/spring-tx/6.2.5/spring-tx-6.2.5.jar:/Users/nahima/.m2/repository/org/springframework/spring-beans/6.2.5/spring-beans-6.2.5.jar:/Users/nahima/.m2/repository/org/springframework/spring-aspects/6.2.5/spring-aspects-6.2.5.jar:/Users/nahima/.m2/repository/org/aspectj/aspectjweaver/1.9.23/aspectjweaver-1.9.23.jar:/Users/nahima/.m2/repository/org/springframework/boot/spring-boot-starter-validation/3.4.4/spring-boot-starter-validation-3.4.4.jar:/Users/nahima/.m2/repository/org/apache/tomcat/embed/tomcat-embed-el/10.1.39/tomcat-embed-el-10.1.39.jar:/Users/nahima/.m2/repository/org/hibernate/validator/hibernate-validator/8.0.2.Final/hibernate-validator-8.0.2.Final.jar:/Users/nahima/.m2/repository/jakarta/validation/jakarta.validation-api/3.0.2/jakarta.validation-api-3.0.2.jar:/Users/nahima/.m2/repository/org/springframework/boot/spring-boot-starter-web/3.4.4/spring-boot-starter-web-3.4.4.jar:/Users/nahima/.m2/repository/org/springframework/boot/spring-boot-starter-json/3.4.4/spring-boot-starter-json-3.4.4.jar:/Users/nahima/.m2/repository/com/fasterxml/jackson/datatype/jackson-datatype-jdk8/2.18.3/jackson-datatype-jdk8-2.18.3.jar:/Users/nahima/.m2/repository/com/fasterxml/jackson/datatype/jackson-datatype-jsr310/2.18.3/jackson-datatype-jsr310-2.18.3.jar:/Users/nahima/.m2/repository/com/fasterxml/jackson/module/jackson-module-parameter-names/2.18.3/jackson-module-parameter-names-2.18.3.jar:/Users/nahima/.m2/repository/org/springframework/boot/spring-boot-starter-tomcat/3.4.4/spring-boot-starter-tomcat-3.4.4.jar:/Users/nahima/.m2/repository/org/apache/tomcat/embed/tomcat-embed-core/10.1.39/tomcat-embed-core-10.1.39.jar:/Users/nahima/.m2/repository/org/apache/tomcat/embed/tomcat-embed-websocket/10.1.39/tomcat-embed-websocket-10.1.39.jar:/Users/nahima/.m2/repository/org/springframework/spring-web/6.2.5/spring-web-6.2.5.jar:/Users/nahima/.m2/repository/io/micrometer/micrometer-observation/1.14.5/micrometer-observation-1.14.5.jar:/Users/nahima/.m2/repository/io/micrometer/micrometer-commons/1.14.5/micrometer-commons-1.14.5.jar:/Users/nahima/.m2/repository/org/springframework/spring-webmvc/6.2.5/spring-webmvc-6.2.5.jar:/Users/nahima/.m2/repository/org/springframework/spring-expression/6.2.5/spring-expression-6.2.5.jar:/Users/nahima/.m2/repository/org/springframework/boot/spring-boot-starter-security/3.4.4/spring-boot-starter-security-3.4.4.jar:/Users/nahima/.m2/repository/org/springframework/spring-aop/6.2.5/spring-aop-6.2.5.jar:/Users/nahima/.m2/repository/org/springframework/security/spring-security-config/6.4.4/spring-security-config-6.4.4.jar:/Users/nahima/.m2/repository/org/springframework/security/spring-security-web/6.4.4/spring-security-web-6.4.4.jar:/Users/nahima/.m2/repository/org/springframework/boot/spring-boot/3.4.4/spring-boot-3.4.4.jar:/Users/nahima/.m2/repository/org/springframework/boot/spring-boot-autoconfigure/3.4.4/spring-boot-autoconfigure-3.4.4.jar:/Users/nahima/.m2/repository/org/postgresql/postgresql/42.7.3/postgresql-42.7.3.jar:/Users/nahima/.m2/repository/jakarta/xml/bind/jakarta.xml.bind-api/4.0.2/jakarta.xml.bind-api-4.0.2.jar:/Users/nahima/.m2/repository/jakarta/activation/jakarta.activation-api/2.1.3/jakarta.activation-api-2.1.3.jar:/Users/nahima/.m2/repository/org/springframework/spring-core/6.2.5/spring-core-6.2.5.jar:/Users/nahima/.m2/repository/org/springframework/spring-jcl/6.2.5/spring-jcl-6.2.5.jar:/Users/nahima/.m2/repository/org/springframework/security/spring-security-core/6.4.4/spring-security-core-6.4.4.jar:/Users/nahima/.m2/repository/org/springframework/security/spring-security-crypto/6.4.4/spring-security-crypto-6.4.4.jar:/Users/nahima/.m2/repository/org/mapstruct/mapstruct/1.6.3/mapstruct-1.6.3.jar:/Users/nahima/.m2/repository/org/projectlombok/lombok/1.18.36/lombok-1.18.36.jar:/Users/nahima/.m2/repository/me/paulschwarz/spring-dotenv/4.0.0/spring-dotenv-4.0.0.jar:/Users/nahima/.m2/repository/io/jsonwebtoken/jjwt-api/0.11.5/jjwt-api-0.11.5.jar:/Users/nahima/.m2/repository/com/fasterxml/jackson/core/jackson-databind/2.18.3/jackson-databind-2.18.3.jar:/Users/nahima/.m2/repository/com/sendgrid/sendgrid-java/4.9.3/sendgrid-java-4.9.3.jar:/Users/nahima/.m2/repository/com/sendgrid/java-http-client/4.5.0/java-http-client-4.5.0.jar:/Users/nahima/.m2/repository/org/apache/httpcomponents/httpcore/4.4.16/httpcore-4.4.16.jar:/Users/nahima/.m2/repository/org/apache/httpcomponents/httpclient/4.5.13/httpclient-4.5.13.jar:/Users/nahima/.m2/repository/commons-logging/commons-logging/1.2/commons-logging-1.2.jar:/Users/nahima/.m2/repository/commons-codec/commons-codec/1.17.2/commons-codec-1.17.2.jar:/Users/nahima/.m2/repository/com/fasterxml/jackson/core/jackson-core/2.18.3/jackson-core-2.18.3.jar:/Users/nahima/.m2/repository/com/fasterxml/jackson/core/jackson-annotations/2.18.3/jackson-annotations-2.18.3.jar:/Users/nahima/.m2/repository/org/bouncycastle/bcprov-jdk15on/1.70/bcprov-jdk15on-1.70.jar:/Users/nahima/.m2/repository/org/springframework/boot/spring-boot-starter-data-redis/3.4.4/spring-boot-starter-data-redis-3.4.4.jar:/Users/nahima/.m2/repository/io/lettuce/lettuce-core/6.4.2.RELEASE/lettuce-core-6.4.2.RELEASE.jar:/Users/nahima/.m2/repository/io/netty/netty-common/4.1.119.Final/netty-common-4.1.119.Final.jar:/Users/nahima/.m2/repository/io/netty/netty-handler/4.1.119.Final/netty-handler-4.1.119.Final.jar:/Users/nahima/.m2/repository/io/netty/netty-resolver/4.1.119.Final/netty-resolver-4.1.119.Final.jar:/Users/nahima/.m2/repository/io/netty/netty-buffer/4.1.119.Final/netty-buffer-4.1.119.Final.jar:/Users/nahima/.m2/repository/io/netty/netty-transport-native-unix-common/4.1.119.Final/netty-transport-native-unix-common-4.1.119.Final.jar:/Users/nahima/.m2/repository/io/netty/netty-codec/4.1.119.Final/netty-codec-4.1.119.Final.jar:/Users/nahima/.m2/repository/io/netty/netty-transport/4.1.119.Final/netty-transport-4.1.119.Final.jar:/Users/nahima/.m2/repository/io/projectreactor/reactor-core/3.7.4/reactor-core-3.7.4.jar:/Users/nahima/.m2/repository/org/reactivestreams/reactive-streams/1.0.4/reactive-streams-1.0.4.jar:/Users/nahima/.m2/repository/org/springframework/data/spring-data-redis/3.4.4/spring-data-redis-3.4.4.jar:/Users/nahima/.m2/repository/org/springframework/data/spring-data-keyvalue/3.4.4/spring-data-keyvalue-3.4.4.jar:/Users/nahima/.m2/repository/org/springframework/spring-oxm/6.2.5/spring-oxm-6.2.5.jar:/Users/nahima/.m2/repository/org/springframework/spring-context-support/6.2.5/spring-context-support-6.2.5.jar:/Users/nahima/.m2/repository/org/springdoc/springdoc-openapi-starter-webmvc-ui/2.8.9/springdoc-openapi-starter-webmvc-ui-2.8.9.jar:/Users/nahima/.m2/repository/org/springdoc/springdoc-openapi-starter-webmvc-api/2.8.9/springdoc-openapi-starter-webmvc-api-2.8.9.jar:/Users/nahima/.m2/repository/org/springdoc/springdoc-openapi-starter-common/2.8.9/springdoc-openapi-starter-common-2.8.9.jar:/Users/nahima/.m2/repository/io/swagger/core/v3/swagger-core-jakarta/2.2.30/swagger-core-jakarta-2.2.30.jar:/Users/nahima/.m2/repository/org/apache/commons/commons-lang3/3.17.0/commons-lang3-3.17.0.jar:/Users/nahima/.m2/repository/io/swagger/core/v3/swagger-annotations-jakarta/2.2.30/swagger-annotations-jakarta-2.2.30.jar:/Users/nahima/.m2/repository/io/swagger/core/v3/swagger-models-jakarta/2.2.30/swagger-models-jakarta-2.2.30.jar:/Users/nahima/.m2/repository/com/fasterxml/jackson/dataformat/jackson-dataformat-yaml/2.18.3/jackson-dataformat-yaml-2.18.3.jar:/Users/nahima/.m2/repository/org/webjars/swagger-ui/5.21.0/swagger-ui-5.21.0.jar:/Users/nahima/.m2/repository/org/webjars/webjars-locator-lite/1.0.1/webjars-locator-lite-1.0.1.jar:/Users/nahima/.m2/repository/org/jspecify/jspecify/1.0.0/jspecify-1.0.0.jar:/Users/nahima/.m2/repository/io/hypersistence/hypersistence-utils-hibernate-60/3.7.1/hypersistence-utils-hibernate-60-3.7.1.jar:/Users/nahima/.m2/repository/javax/xml/bind/jaxb-api/2.3.0/jaxb-api-2.3.0.jar:/Users/nahima/.m2/repository/io/hypersistence/hypersistence-tsid/2.1.1/hypersistence-tsid-2.1.1.jar:/Users/nahima/.m2/repository/org/apache/tika/tika-core/3.2.1/tika-core-3.2.1.jar:/Users/nahima/.m2/repository/org/slf4j/slf4j-api/2.0.17/slf4j-api-2.0.17.jar:/Users/nahima/.m2/repository/commons-io/commons-io/2.19.0/commons-io-2.19.0.jar:/Users/nahima/.m2/repository/net/coobird/thumbnailator/0.4.20/thumbnailator-0.4.20.jar:/Users/nahima/.m2/repository/org/apache/logging/log4j/log4j-api/2.23.1/log4j-api-2.23.1.jar: -sourcepath /Users/nahima/Dev/Elec_business_spring/src/main/java:/Users/nahima/Dev/Elec_business_spring/target/generated-sources/annotations: -s /Users/nahima/Dev/Elec_business_spring/target/generated-sources/annotations -processorpath /Users/nahima/.m2/repository/org/projectlombok/lombok/1.18.36/lombok-1.18.36.jar:/Users/nahima/.m2/repository/org/projectlombok/lombok-mapstruct-binding/0.2.0/lombok-mapstruct-binding-0.2.0.jar:/Users/nahima/.m2/repository/org/mapstruct/mapstruct-processor/1.6.3/mapstruct-processor-1.6.3.jar: -g -parameters -nowarn --release 21 -encoding UTF-8 --enable-preview -parameters
[DEBUG] incrementalBuildHelper#beforeRebuildExecution
[INFO] Compiling 114 source files to /Users/nahima/Dev/Elec_business_spring/target/classes
[DEBUG] incrementalBuildHelper#afterRebuildExecution
[INFO] -------------------------------------------------------------
[ERROR] COMPILATION ERROR : 
[INFO] -------------------------------------------------------------
[ERROR] /Users/nahima/Dev/Elec_business_spring/src/main/java/com/elec_business/controller/mapper/UserMapper.java:[26,10] Source and expression are both defined in @Mapping, either define a source or an expression.
[ERROR] /Users/nahima/Dev/Elec_business_spring/src/main/java/com/elec_business/controller/mapper/UserMapper.java:[36,41] Unknown property "roles" in result type UserProfileDto. Did you mean "email"?
[ERROR] /Users/nahima/Dev/Elec_business_spring/src/main/java/com/elec_business/controller/mapper/UserMapper.java:[45,5] Qualifier error. No method found annotated with @Named#value: [ toUserRoleDTOList ]. See https://mapstruct.org/faq/#qualifier for more info.
[ERROR] /Users/nahima/Dev/Elec_business_spring/src/main/java/com/elec_business/controller/mapper/UserMapper.java:[45,5] Can't map property "Set<UserRole> roles" to "List<UserRoleDTO> roles". Consider to declare/implement a mapping method: "List<UserRoleDTO> map(Set<UserRole> value)".
[ERROR] /Users/nahima/Dev/Elec_business_spring/src/main/java/com/elec_business/controller/mapper/ReviewMapper.java:[17,23] Can't map property "OffsetDateTime createdAt" to "String createdAt". Consider to declare/implement a mapping method: "String map(OffsetDateTime value)".
[ERROR] /Users/nahima/Dev/Elec_business_spring/src/main/java/com/elec_business/controller/mapper/BookingMapper.java:[12,17] No implementation was created for BookingMapper due to having a problem in the erroneous element com.elec_business.controller.dto.BookingResponseDto.BookingResponseDtoBuilder. Hint: this often means that some other annotation processor was supposed to process the erroneous element. You can also enable MapStruct verbose mode by setting -Amapstruct.verbose=true as a compilation argument.
[INFO] 6 errors 
[INFO] -------------------------------------------------------------
[INFO] ------------------------------------------------------------------------
[INFO] BUILD FAILURE
[INFO] ------------------------------------------------------------------------
[INFO] Total time:  1.349 s
[INFO] Finished at: 2025-12-05T12:39:36+01:00
[INFO] ------------------------------------------------------------------------
[ERROR] Failed to execute goal org.apache.maven.plugins:maven-compiler-plugin:3.10.1:compile (default-compile) on project elec_business: Compilation failure: Compilation failure: 
[ERROR] /Users/nahima/Dev/Elec_business_spring/src/main/java/com/elec_business/controller/mapper/UserMapper.java:[26,10] Source and expression are both defined in @Mapping, either define a source or an expression.
[ERROR] /Users/nahima/Dev/Elec_business_spring/src/main/java/com/elec_business/controller/mapper/UserMapper.java:[36,41] Unknown property "roles" in result type UserProfileDto. Did you mean "email"?
[ERROR] /Users/nahima/Dev/Elec_business_spring/src/main/java/com/elec_business/controller/mapper/UserMapper.java:[45,5] Qualifier error. No method found annotated with @Named#value: [ toUserRoleDTOList ]. See https://mapstruct.org/faq/#qualifier for more info.
[ERROR] /Users/nahima/Dev/Elec_business_spring/src/main/java/com/elec_business/controller/mapper/UserMapper.java:[45,5] Can't map property "Set<UserRole> roles" to "List<UserRoleDTO> roles". Consider to declare/implement a mapping method: "List<UserRoleDTO> map(Set<UserRole> value)".
[ERROR] /Users/nahima/Dev/Elec_business_spring/src/main/java/com/elec_business/controller/mapper/ReviewMapper.java:[17,23] Can't map property "OffsetDateTime createdAt" to "String createdAt". Consider to declare/implement a mapping method: "String map(OffsetDateTime value)".
[ERROR] /Users/nahima/Dev/Elec_business_spring/src/main/java/com/elec_business/controller/mapper/BookingMapper.java:[12,17] No implementation was created for BookingMapper due to having a problem in the erroneous element com.elec_business.controller.dto.BookingResponseDto.BookingResponseDtoBuilder. Hint: this often means that some other annotation processor was supposed to process the erroneous element. You can also enable MapStruct verbose mode by setting -Amapstruct.verbose=true as a compilation argument.
[ERROR] -> [Help 1]
org.apache.maven.lifecycle.LifecycleExecutionException: Failed to execute goal org.apache.maven.plugins:maven-compiler-plugin:3.10.1:compile (default-compile) on project elec_business: Compilation failure
    at org.apache.maven.lifecycle.internal.MojoExecutor.doExecute2 (MojoExecutor.java:333)
    at org.apache.maven.lifecycle.internal.MojoExecutor.doExecute (MojoExecutor.java:316)
    at org.apache.maven.lifecycle.internal.MojoExecutor.execute (MojoExecutor.java:212)
    at org.apache.maven.lifecycle.internal.MojoExecutor.execute (MojoExecutor.java:174)
    at org.apache.maven.lifecycle.internal.MojoExecutor.access$000 (MojoExecutor.java:75)
    at org.apache.maven.lifecycle.internal.MojoExecutor$1.run (MojoExecutor.java:162)
    at org.apache.maven.plugin.DefaultMojosExecutionStrategy.execute (DefaultMojosExecutionStrategy.java:39)
    at org.apache.maven.lifecycle.internal.MojoExecutor.execute (MojoExecutor.java:159)
    at org.apache.maven.lifecycle.internal.LifecycleModuleBuilder.buildProject (LifecycleModuleBuilder.java:105)
    at org.apache.maven.lifecycle.internal.LifecycleModuleBuilder.buildProject (LifecycleModuleBuilder.java:73)
    at org.apache.maven.lifecycle.internal.builder.singlethreaded.SingleThreadedBuilder.build (SingleThreadedBuilder.java:53)
    at org.apache.maven.lifecycle.internal.LifecycleStarter.execute (LifecycleStarter.java:118)
    at org.apache.maven.DefaultMaven.doExecute (DefaultMaven.java:261)
    at org.apache.maven.DefaultMaven.doExecute (DefaultMaven.java:173)
    at org.apache.maven.DefaultMaven.execute (DefaultMaven.java:101)
    at org.apache.maven.cli.MavenCli.execute (MavenCli.java:906)
    at org.apache.maven.cli.MavenCli.doMain (MavenCli.java:283)
    at org.apache.maven.cli.MavenCli.main (MavenCli.java:206)
    at jdk.internal.reflect.DirectMethodHandleAccessor.invoke (DirectMethodHandleAccessor.java:103)
    at java.lang.reflect.Method.invoke (Method.java:580)
    at org.codehaus.plexus.classworlds.launcher.Launcher.launchEnhanced (Launcher.java:255)
    at org.codehaus.plexus.classworlds.launcher.Launcher.launch (Launcher.java:201)
    at org.codehaus.plexus.classworlds.launcher.Launcher.mainWithExitCode (Launcher.java:361)
    at org.codehaus.plexus.classworlds.launcher.Launcher.main (Launcher.java:314)
Caused by: org.apache.maven.plugin.compiler.CompilationFailureException: Compilation failure
    at org.apache.maven.plugin.compiler.AbstractCompilerMojo.execute (AbstractCompilerMojo.java:1310)
    at org.apache.maven.plugin.compiler.CompilerMojo.execute (CompilerMojo.java:198)
    at org.apache.maven.plugin.DefaultBuildPluginManager.executeMojo (DefaultBuildPluginManager.java:126)
    at org.apache.maven.lifecycle.internal.MojoExecutor.doExecute2 (MojoExecutor.java:328)
    at org.apache.maven.lifecycle.internal.MojoExecutor.doExecute (MojoExecutor.java:316)
    at org.apache.maven.lifecycle.internal.MojoExecutor.execute (MojoExecutor.java:212)
    at org.apache.maven.lifecycle.internal.MojoExecutor.execute (MojoExecutor.java:174)
    at org.apache.maven.lifecycle.internal.MojoExecutor.access$000 (MojoExecutor.java:75)
    at org.apache.maven.lifecycle.internal.MojoExecutor$1.run (MojoExecutor.java:162)
    at org.apache.maven.plugin.DefaultMojosExecutionStrategy.execute (DefaultMojosExecutionStrategy.java:39)
    at org.apache.maven.lifecycle.internal.MojoExecutor.execute (MojoExecutor.java:159)
    at org.apache.maven.lifecycle.internal.LifecycleModuleBuilder.buildProject (LifecycleModuleBuilder.java:105)
    at org.apache.maven.lifecycle.internal.LifecycleModuleBuilder.buildProject (LifecycleModuleBuilder.java:73)
    at org.apache.maven.lifecycle.internal.builder.singlethreaded.SingleThreadedBuilder.build (SingleThreadedBuilder.java:53)
    at org.apache.maven.lifecycle.internal.LifecycleStarter.execute (LifecycleStarter.java:118)
    at org.apache.maven.DefaultMaven.doExecute (DefaultMaven.java:261)
    at org.apache.maven.DefaultMaven.doExecute (DefaultMaven.java:173)
    at org.apache.maven.DefaultMaven.execute (DefaultMaven.java:101)
    at org.apache.maven.cli.MavenCli.execute (MavenCli.java:906)
    at org.apache.maven.cli.MavenCli.doMain (MavenCli.java:283)
    at org.apache.maven.cli.MavenCli.main (MavenCli.java:206)
    at jdk.internal.reflect.DirectMethodHandleAccessor.invoke (DirectMethodHandleAccessor.java:103)
    at java.lang.reflect.Method.invoke (Method.java:580)
    at org.codehaus.plexus.classworlds.launcher.Launcher.launchEnhanced (Launcher.java:255)
    at org.codehaus.plexus.classworlds.launcher.Launcher.launch (Launcher.java:201)
    at org.codehaus.plexus.classworlds.launcher.Launcher.mainWithExitCode (Launcher.java:361)
    at org.codehaus.plexus.classworlds.launcher.Launcher.main (Launcher.java:314)
[ERROR] 
[ERROR] 
[ERROR] For more information about the errors and possible solutions, please read the following articles:
[ERROR] [Help 1] http://cwiki.apache.org/confluence/display/MAVEN/MojoFailureException
[DEBUG] Shutting down adapter factory; available factories [file-lock, rwlock-local, semaphore-local, noop]; available name mappers [discriminating, file-gav, file-hgav, file-static, gav, static]
[DEBUG] Shutting down 'file-lock' factory
[DEBUG] Shutting down 'rwlock-local' factory
[DEBUG] Shutting down 'semaphore-local' factory
[DEBUG] Shutting down 'noop' factory
